Component: ARM Compiler 5.06 update 1 (build 61) Tool: armlink [4d35a8]

==============================================================================

Section Cross References

    system_stm32l1xx.o(i.SystemCoreClockUpdate) refers to system_stm32l1xx.o(.data) for SystemCoreClock
    system_stm32l1xx.o(i.SystemCoreClockUpdate) refers to system_stm32l1xx.o(.constdata) for PLLMulTable
    stm32l1xx_hal_gpio.o(i.HAL_GPIO_EXTI_IRQHandler) refers to misc.o(i.HAL_GPIO_EXTI_Callback) for HAL_GPIO_EXTI_Callback
    stm32l1xx_hal_rcc_ex.o(i.HAL_RCCEx_LSECSS_IRQHandler) refers to stm32l1xx_hal_rcc_ex.o(i.HAL_RCCEx_LSECSS_Callback) for HAL_RCCEx_LSECSS_Callback
    stm32l1xx_hal_rcc_ex.o(i.HAL_RCCEx_PeriphCLKConfig) refers to stm32l1xx_hal.o(i.HAL_GetTick) for HAL_GetTick
    stm32l1xx_hal_dma.o(i.HAL_DMA_Abort) refers to stm32l1xx_hal.o(i.HAL_GetTick) for HAL_GetTick
    stm32l1xx_hal_dma.o(i.HAL_DMA_PollForTransfer) refers to stm32l1xx_hal.o(i.HAL_GetTick) for HAL_GetTick
    stm32l1xx_hal_dma.o(i.HAL_DMA_Start) refers to stm32l1xx_hal_dma.o(i.DMA_SetConfig) for DMA_SetConfig
    stm32l1xx_hal_dma.o(i.HAL_DMA_Start_IT) refers to stm32l1xx_hal_dma.o(i.DMA_SetConfig) for DMA_SetConfig
    stm32l1xx_hal_pwr.o(i.HAL_PWR_PVD_IRQHandler) refers to stm32l1xx_hal_pwr.o(i.HAL_PWR_PVDCallback) for HAL_PWR_PVDCallback
    stm32l1xx_hal_cortex.o(i.HAL_NVIC_GetPriorityGrouping) refers to stm32l1xx_hal_cortex.o(i.NVIC_GetPriorityGrouping) for NVIC_GetPriorityGrouping
    stm32l1xx_hal_cortex.o(i.HAL_NVIC_SetPriority) refers to stm32l1xx_hal_cortex.o(i.NVIC_GetPriorityGrouping) for NVIC_GetPriorityGrouping
    stm32l1xx_hal_cortex.o(i.HAL_NVIC_SetPriority) refers to stm32l1xx_hal_cortex.o(i.NVIC_SetPriority) for NVIC_SetPriority
    stm32l1xx_hal_cortex.o(i.HAL_SYSTICK_Config) refers to stm32l1xx_hal_cortex.o(i.NVIC_SetPriority) for NVIC_SetPriority
    stm32l1xx_hal_cortex.o(i.HAL_SYSTICK_IRQHandler) refers to stm32l1xx_hal_cortex.o(i.HAL_SYSTICK_Callback) for HAL_SYSTICK_Callback
    stm32l1xx_hal_flash_ex.o(i.FLASH_DATAEEPROM_FastProgramByte) refers to stm32l1xx_hal_flash.o(i.FLASH_WaitForLastOperation) for FLASH_WaitForLastOperation
    stm32l1xx_hal_flash_ex.o(i.FLASH_DATAEEPROM_FastProgramHalfWord) refers to stm32l1xx_hal_flash.o(i.FLASH_WaitForLastOperation) for FLASH_WaitForLastOperation
    stm32l1xx_hal_flash_ex.o(i.FLASH_DATAEEPROM_FastProgramWord) refers to stm32l1xx_hal_flash.o(i.FLASH_WaitForLastOperation) for FLASH_WaitForLastOperation
    stm32l1xx_hal_flash_ex.o(i.FLASH_DATAEEPROM_ProgramByte) refers to stm32l1xx_hal_flash.o(i.FLASH_WaitForLastOperation) for FLASH_WaitForLastOperation
    stm32l1xx_hal_flash_ex.o(i.FLASH_DATAEEPROM_ProgramHalfWord) refers to stm32l1xx_hal_flash.o(i.FLASH_WaitForLastOperation) for FLASH_WaitForLastOperation
    stm32l1xx_hal_flash_ex.o(i.FLASH_DATAEEPROM_ProgramWord) refers to stm32l1xx_hal_flash.o(i.FLASH_WaitForLastOperation) for FLASH_WaitForLastOperation
    stm32l1xx_hal_flash_ex.o(i.FLASH_OB_BORConfig) refers to stm32l1xx_hal_flash.o(i.FLASH_WaitForLastOperation) for FLASH_WaitForLastOperation
    stm32l1xx_hal_flash_ex.o(i.FLASH_OB_BORConfig) refers to stm32l1xx_hal_flash.o(.bss) for pFlash
    stm32l1xx_hal_flash_ex.o(i.FLASH_OB_BootConfig) refers to stm32l1xx_hal_flash.o(i.FLASH_WaitForLastOperation) for FLASH_WaitForLastOperation
    stm32l1xx_hal_flash_ex.o(i.FLASH_OB_BootConfig) refers to stm32l1xx_hal_flash.o(.bss) for pFlash
    stm32l1xx_hal_flash_ex.o(i.FLASH_OB_RDPConfig) refers to stm32l1xx_hal_flash.o(i.FLASH_WaitForLastOperation) for FLASH_WaitForLastOperation
    stm32l1xx_hal_flash_ex.o(i.FLASH_OB_RDPConfig) refers to stm32l1xx_hal_flash.o(.bss) for pFlash
    stm32l1xx_hal_flash_ex.o(i.FLASH_OB_UserConfig) refers to stm32l1xx_hal_flash.o(i.FLASH_WaitForLastOperation) for FLASH_WaitForLastOperation
    stm32l1xx_hal_flash_ex.o(i.FLASH_OB_UserConfig) refers to stm32l1xx_hal_flash.o(.bss) for pFlash
    stm32l1xx_hal_flash_ex.o(i.FLASH_OB_WRPConfig) refers to stm32l1xx_hal_flash.o(i.FLASH_WaitForLastOperation) for FLASH_WaitForLastOperation
    stm32l1xx_hal_flash_ex.o(i.FLASH_OB_WRPConfig) refers to stm32l1xx_hal_flash_ex.o(i.FLASH_OB_WRPConfigWRP1OrPCROP1) for FLASH_OB_WRPConfigWRP1OrPCROP1
    stm32l1xx_hal_flash_ex.o(i.FLASH_OB_WRPConfig) refers to stm32l1xx_hal_flash_ex.o(i.FLASH_OB_WRPConfigWRP2OrPCROP2) for FLASH_OB_WRPConfigWRP2OrPCROP2
    stm32l1xx_hal_flash_ex.o(i.FLASH_OB_WRPConfig) refers to stm32l1xx_hal_flash_ex.o(i.FLASH_OB_WRPConfigWRP3) for FLASH_OB_WRPConfigWRP3
    stm32l1xx_hal_flash_ex.o(i.FLASH_OB_WRPConfig) refers to stm32l1xx_hal_flash_ex.o(i.FLASH_OB_WRPConfigWRP4) for FLASH_OB_WRPConfigWRP4
    stm32l1xx_hal_flash_ex.o(i.FLASH_OB_WRPConfig) refers to stm32l1xx_hal_flash.o(.bss) for pFlash
    stm32l1xx_hal_flash_ex.o(i.FLASH_PageErase) refers to stm32l1xx_hal_flash.o(.bss) for pFlash
    stm32l1xx_hal_flash_ex.o(i.HAL_FLASHEx_AdvOBProgram) refers to stm32l1xx_hal_flash_ex.o(i.FLASH_OB_BootConfig) for FLASH_OB_BootConfig
[...]
    entry.o(.ARM.Collect$$$$00000000) refers (Special) to entry8b.o(.ARM.Collect$$$$0000000A) for _main_cpp_init
    entry.o(.ARM.Collect$$$$00000000) refers (Special) to entry9a.o(.ARM.Collect$$$$0000000B) for _main_init
    entry.o(.ARM.Collect$$$$00000000) refers (Special) to entry5.o(.ARM.Collect$$$$00000004) for _main_scatterload
    entry.o(.ARM.Collect$$$$00000000) refers (Special) to entry2.o(.ARM.Collect$$$$00000001) for _main_stk
    fadd.o(.text) refers (Special) to iusefp.o(.text) for __I$use$fp
    fadd.o(.text) refers to fepilogue.o(.text) for _float_epilogue
    fmul.o(.text) refers (Special) to iusefp.o(.text) for __I$use$fp
    fdiv.o(.text) refers (Special) to iusefp.o(.text) for __I$use$fp
    fdiv.o(.text) refers to fepilogue.o(.text) for _float_round
    dadd.o(.text) refers (Special) to iusefp.o(.text) for __I$use$fp
    dadd.o(.text) refers to llshl.o(.text) for __aeabi_llsl
    dadd.o(.text) refers to llsshr.o(.text) for __aeabi_lasr
    dadd.o(.text) refers to depilogue.o(.text) for _double_epilogue
    dmul.o(.text) refers (Special) to iusefp.o(.text) for __I$use$fp
    dmul.o(.text) refers to depilogue.o(.text) for _double_epilogue
    ffltui.o(.text) refers (Special) to iusefp.o(.text) for __I$use$fp
    ffltui.o(.text) refers to fepilogue.o(.text) for _float_epilogue
    dflti.o(.text) refers (Special) to iusefp.o(.text) for __I$use$fp
    dflti.o(.text) refers to depilogue.o(.text) for _double_epilogue
    dfltui.o(.text) refers (Special) to iusefp.o(.text) for __I$use$fp
    dfltui.o(.text) refers to depilogue.o(.text) for _double_epilogue
    dfixui.o(.text) refers (Special) to iusefp.o(.text) for __I$use$fp
    dfixui.o(.text) refers to llushr.o(.text) for __aeabi_llsr
    dunder.o(i.__mathlib_dbl_divzero) refers to ddiv.o(.text) for __aeabi_ddiv
    dunder.o(i.__mathlib_dbl_infnan) refers to dscalb.o(.text) for __ARM_scalbn
    dunder.o(i.__mathlib_dbl_infnan2) refers to dadd.o(.text) for __aeabi_dadd
    dunder.o(i.__mathlib_dbl_invalid) refers to ddiv.o(.text) for __aeabi_ddiv
    dunder.o(i.__mathlib_dbl_overflow) refers to dscalb.o(.text) for __ARM_scalbn
    dunder.o(i.__mathlib_dbl_posinfnan) refers to dmul.o(.text) for __aeabi_dmul
    dunder.o(i.__mathlib_dbl_underflow) refers to dscalb.o(.text) for __ARM_scalbn
    fpclassify.o(i.__ARM_fpclassify) refers (Special) to iusefp.o(.text) for __I$use$fp
    poly.o(i.__kernel_poly) refers (Special) to iusefp.o(.text) for __I$use$fp
    poly.o(i.__kernel_poly) refers to dmul.o(.text) for __aeabi_dmul
    poly.o(i.__kernel_poly) refers to dadd.o(.text) for __aeabi_dadd
    qnan.o(.constdata) refers (Special) to iusefp.o(.text) for __I$use$fp
    sqrt.o(i.__softfp_sqrt) refers (Special) to iusefp.o(.text) for __I$use$fp
    sqrt.o(i.__softfp_sqrt) refers to dsqrt.o(.text) for _dsqrt
    sqrt.o(i.__softfp_sqrt) refers to errno.o(i.__set_errno) for __set_errno
    sqrt.o(i.sqrt) refers (Special) to iusefp.o(.text) for __I$use$fp
    sqrt.o(i.sqrt) refers to dsqrt.o(.text) for _dsqrt
    sqrt.o(i.sqrt) refers to errno.o(i.__set_errno) for __set_errno
    sqrt_x.o(i.____softfp_sqrt$lsc) refers (Special) to iusefp.o(.text) for __I$use$fp
    sqrt_x.o(i.____softfp_sqrt$lsc) refers to cdcmple.o(.text) for __aeabi_cdcmple
    sqrt_x.o(i.____softfp_sqrt$lsc) refers to errno.o(i.__set_errno) for __set_errno
    sqrt_x.o(i.____softfp_sqrt$lsc) refers to dsqrt.o(.text) for _dsqrt
    sqrt_x.o(i.__sqrt$lsc) refers (Special) to iusefp.o(.text) for __I$use$fp
    sqrt_x.o(i.__sqrt$lsc) refers to cdcmple.o(.text) for __aeabi_cdcmple
    sqrt_x.o(i.__sqrt$lsc) refers to errno.o(i.__set_errno) for __set_errno
    sqrt_x.o(i.__sqrt$lsc) refers to dsqrt.o(.text) for _dsqrt
    entry2.o(.ARM.Collect$$$$00000001) refers to entry2.o(.ARM.Collect$$$$00002712) for __lit__00000000
    entry2.o(.ARM.Collect$$$$00002712) refers to startup_stm32l152xe.o(STACK) for __initial_sp
    entry2.o(__vectab_stack_and_reset_area) refers to startup_stm32l152xe.o(STACK) for __initial_sp
    entry2.o(__vectab_stack_and_reset_area) refers to entry.o(.ARM.Collect$$$$00000000) for __main
    entry5.o(.ARM.Collect$$$$00000004) refers to init.o(.text) for __scatterload
    entry9a.o(.ARM.Collect$$$$0000000B) refers to main.o(i.main) for main
    entry9b.o(.ARM.Collect$$$$0000000C) refers to main.o(i.main) for main
    errno.o(i.__aeabi_errno_addr) refers to errno.o(.data) for .data
    errno.o(i.__read_errno) refers to errno.o(.data) for .data
    errno.o(i.__set_errno) refers to errno.o(.data) for .data
    depilogue.o(.text) refers to llshl.o(.text) for __aeabi_llsl
    depilogue.o(.text) refers to llushr.o(.text) for __aeabi_llsr
    ddiv.o(.text) refers to depilogue.o(.text) for _double_round
    init.o(.text) refers to entry5.o(.ARM.Collect$$$$00000004) for __main_after_scatterload
    dsqrt.o(.text) refers to llushr.o(.text) for __aeabi_llsr
    dsqrt.o(.text) refers to depilogue.o(.text) for _double_round


==============================================================================

Removing Unused input sections from the image.

    Removing system_stm32l1xx.o(.rev16_text), (4 bytes).
    Removing system_stm32l1xx.o(.revsh_text), (4 bytes).
    Removing system_stm32l1xx.o(.rrx_text), (6 bytes).
    Removing system_stm32l1xx.o(i.SystemCoreClockUpdate), (220 bytes).
    Removing stm32l1xx_hal_gpio.o(.rev16_text), (4 bytes).
    Removing stm32l1xx_hal_gpio.o(.revsh_text), (4 bytes).
    Removing stm32l1xx_hal_gpio.o(.rrx_text), (6 bytes).
    Removing stm32l1xx_hal_gpio.o(i.HAL_GPIO_DeInit), (316 bytes).
    Removing stm32l1xx_hal_gpio.o(i.HAL_GPIO_EXTI_Callback), (2 bytes).
    Removing stm32l1xx_hal_gpio.o(i.HAL_GPIO_LockPin), (46 bytes).
    Removing stm32l1xx_hal_gpio.o(i.HAL_GPIO_ReadPin), (16 bytes).
    Removing stm32l1xx_hal_rcc_ex.o(.rev16_text), (4 bytes).
    Removing stm32l1xx_hal_rcc_ex.o(.revsh_text), (4 bytes).
    Removing stm32l1xx_hal_rcc_ex.o(.rrx_text), (6 bytes).
    Removing stm32l1xx_hal_rcc_ex.o(i.HAL_RCCEx_DisableLSECSS), (48 bytes).
    Removing stm32l1xx_hal_rcc_ex.o(i.HAL_RCCEx_EnableLSECSS), (28 bytes).
    Removing stm32l1xx_hal_rcc_ex.o(i.HAL_RCCEx_EnableLSECSS_IT), (76 bytes).
    Removing stm32l1xx_hal_rcc_ex.o(i.HAL_RCCEx_GetPeriphCLKConfig), (56 bytes).
    Removing stm32l1xx_hal_rcc_ex.o(i.HAL_RCCEx_GetPeriphCLKFreq), (164 bytes).
    Removing stm32l1xx_hal_rcc_ex.o(i.HAL_RCCEx_LSECSS_Callback), (2 bytes).
    Removing stm32l1xx_hal_rcc_ex.o(i.HAL_RCCEx_LSECSS_IRQHandler), (32 bytes).
    Removing stm32l1xx_hal_rcc_ex.o(i.HAL_RCCEx_PeriphCLKConfig), (472 bytes).
    Removing stm32l1xx_hal_dma.o(.rev16_text), (4 bytes).
    Removing stm32l1xx_hal_dma.o(.revsh_text), (4 bytes).
    Removing stm32l1xx_hal_dma.o(.rrx_text), (6 bytes).
    Removing stm32l1xx_hal_dma.o(i.HAL_DMA_Abort), (98 bytes).
    Removing stm32l1xx_hal_dma.o(i.HAL_DMA_DeInit), (1128 bytes).
    Removing stm32l1xx_hal_dma.o(i.HAL_DMA_GetError), (6 bytes).
    Removing stm32l1xx_hal_dma.o(i.HAL_DMA_GetState), (8 bytes).
    Removing stm32l1xx_hal_dma.o(i.HAL_DMA_PollForTransfer), (1924 bytes).
    Removing stm32l1xx_hal_dma.o(i.HAL_DMA_Start), (82 bytes).
    Removing stm32l1xx_hal_pwr.o(.rev16_text), (4 bytes).
    Removing stm32l1xx_hal_pwr.o(.revsh_text), (4 bytes).
    Removing stm32l1xx_hal_pwr.o(.rrx_text), (6 bytes).
    Removing stm32l1xx_hal_pwr.o(i.HAL_PWR_ConfigPVD), (184 bytes).
    Removing stm32l1xx_hal_pwr.o(i.HAL_PWR_DeInit), (28 bytes).
    Removing stm32l1xx_hal_pwr.o(i.HAL_PWR_DisableBkUpAccess), (28 bytes).
    Removing stm32l1xx_hal_pwr.o(i.HAL_PWR_DisablePVD), (24 bytes).
    Removing stm32l1xx_hal_pwr.o(i.HAL_PWR_DisableSEVOnPend), (20 bytes).
    Removing stm32l1xx_hal_pwr.o(i.HAL_PWR_DisableSleepOnExit), (20 bytes).
    Removing stm32l1xx_hal_pwr.o(i.HAL_PWR_DisableWakeUpPin), (28 bytes).
    Removing stm32l1xx_hal_pwr.o(i.HAL_PWR_EnableBkUpAccess), (24 bytes).
    Removing stm32l1xx_hal_pwr.o(i.HAL_PWR_EnablePVD), (24 bytes).
    Removing stm32l1xx_hal_pwr.o(i.HAL_PWR_EnableSEVOnPend), (20 bytes).
    Removing stm32l1xx_hal_pwr.o(i.HAL_PWR_EnableSleepOnExit), (20 bytes).
    Removing stm32l1xx_hal_pwr.o(i.HAL_PWR_EnableWakeUpPin), (28 bytes).
    Removing stm32l1xx_hal_pwr.o(i.HAL_PWR_EnterSLEEPMode), (52 bytes).
    Removing stm32l1xx_hal_pwr.o(i.HAL_PWR_EnterSTANDBYMode), (40 bytes).
    Removing stm32l1xx_hal_pwr.o(i.HAL_PWR_EnterSTOPMode), (64 bytes).
    Removing stm32l1xx_hal_pwr.o(i.HAL_PWR_PVDCallback), (2 bytes).
    Removing stm32l1xx_hal_pwr.o(i.HAL_PWR_PVD_IRQHandler), (32 bytes).
    Removing stm32l1xx_hal_cortex.o(.rev16_text), (4 bytes).
    Removing stm32l1xx_hal_cortex.o(.revsh_text), (4 bytes).
    Removing stm32l1xx_hal_cortex.o(.rrx_text), (6 bytes).
    Removing stm32l1xx_hal_cortex.o(i.HAL_MPU_ConfigRegion), (92 bytes).
    Removing stm32l1xx_hal_cortex.o(i.HAL_NVIC_ClearPendingIRQ), (28 bytes).
    Removing stm32l1xx_hal_cortex.o(i.HAL_NVIC_DisableIRQ), (28 bytes).
    Removing stm32l1xx_hal_cortex.o(i.HAL_NVIC_GetActive), (40 bytes).
    Removing stm32l1xx_hal_cortex.o(i.HAL_NVIC_GetPendingIRQ), (40 bytes).
    Removing stm32l1xx_hal_cortex.o(i.HAL_NVIC_GetPriority), (148 bytes).
    Removing stm32l1xx_hal_cortex.o(i.HAL_NVIC_GetPriorityGrouping), (8 bytes).
    Removing stm32l1xx_hal_cortex.o(i.HAL_NVIC_SetPendingIRQ), (28 bytes).
    Removing stm32l1xx_hal_cortex.o(i.HAL_NVIC_SystemReset), (68 bytes).
    Removing stm32l1xx_hal_flash_ex.o(.rev16_text), (4 bytes).
    Removing stm32l1xx_hal_flash_ex.o(.revsh_text), (4 bytes).
    Removing stm32l1xx_hal_flash_ex.o(.rrx_text), (6 bytes).
    Removing stm32l1xx_hal_flash_ex.o(i.FLASH_OB_BORConfig), (88 bytes).
    Removing stm32l1xx_hal_flash_ex.o(i.FLASH_OB_BootConfig), (84 bytes).
    Removing stm32l1xx_hal_flash_ex.o(i.FLASH_OB_GetBOR), (32 bytes).
    Removing stm32l1xx_hal_flash_ex.o(i.FLASH_OB_GetRDP), (12 bytes).
    Removing stm32l1xx_hal_flash_ex.o(i.FLASH_OB_GetUser), (32 bytes).
    Removing stm32l1xx_hal_flash_ex.o(i.FLASH_OB_RDPConfig), (104 bytes).
    Removing stm32l1xx_hal_flash_ex.o(i.FLASH_OB_UserConfig), (108 bytes).
    Removing stm32l1xx_hal_flash_ex.o(i.FLASH_OB_WRPConfig), (92 bytes).
    Removing stm32l1xx_hal_flash_ex.o(i.FLASH_OB_WRPConfigWRP1OrPCROP1), (100 bytes).
    Removing stm32l1xx_hal_flash_ex.o(i.FLASH_OB_WRPConfigWRP2OrPCROP2), (100 bytes).
    Removing stm32l1xx_hal_flash_ex.o(i.FLASH_OB_WRPConfigWRP3), (100 bytes).
    Removing stm32l1xx_hal_flash_ex.o(i.FLASH_OB_WRPConfigWRP4), (116 bytes).
    Removing stm32l1xx_hal_flash_ex.o(i.FLASH_PageErase), (48 bytes).
    Removing stm32l1xx_hal_flash_ex.o(i.HAL_FLASHEx_AdvOBGetConfig), (20 bytes).
    Removing stm32l1xx_hal_flash_ex.o(i.HAL_FLASHEx_AdvOBProgram), (28 bytes).
    Removing stm32l1xx_hal_flash_ex.o(i.HAL_FLASHEx_DATAEEPROM_DisableFixedTimeProgram), (20 bytes).
    Removing stm32l1xx_hal_flash_ex.o(i.HAL_FLASHEx_DATAEEPROM_EnableFixedTimeProgram), (20 bytes).
    Removing stm32l1xx_hal_flash_ex.o(i.HAL_FLASHEx_DATAEEPROM_Erase), (56 bytes).
    Removing stm32l1xx_hal_flash_ex.o(i.HAL_FLASHEx_Erase), (144 bytes).
    Removing stm32l1xx_hal_flash_ex.o(i.HAL_FLASHEx_Erase_IT), (84 bytes).
    Removing stm32l1xx_hal_flash_ex.o(i.HAL_FLASHEx_OBGetConfig), (64 bytes).
    Removing stm32l1xx_hal_flash_ex.o(i.HAL_FLASHEx_OBProgram), (212 bytes).
    Removing stm32l1xx_hal.o(.rev16_text), (4 bytes).
    Removing stm32l1xx_hal.o(.revsh_text), (4 bytes).
    Removing stm32l1xx_hal.o(.rrx_text), (6 bytes).
    Removing stm32l1xx_hal.o(i.HAL_DBGMCU_DisableDBGSleepMode), (20 bytes).
    Removing stm32l1xx_hal.o(i.HAL_DBGMCU_DisableDBGStandbyMode), (20 bytes).
    Removing stm32l1xx_hal.o(i.HAL_DBGMCU_DisableDBGStopMode), (20 bytes).
    Removing stm32l1xx_hal.o(i.HAL_DBGMCU_EnableDBGSleepMode), (20 bytes).
    Removing stm32l1xx_hal.o(i.HAL_DBGMCU_EnableDBGStandbyMode), (20 bytes).
    Removing stm32l1xx_hal.o(i.HAL_DBGMCU_EnableDBGStopMode), (20 bytes).
    Removing stm32l1xx_hal.o(i.HAL_DeInit), (48 bytes).
    Removing stm32l1xx_hal.o(i.HAL_GetDEVID), (16 bytes).
    Removing stm32l1xx_hal.o(i.HAL_GetHalVersion), (8 bytes).
    Removing stm32l1xx_hal.o(i.HAL_GetREVID), (12 bytes).
    Removing stm32l1xx_hal.o(i.HAL_MspDeInit), (2 bytes).
    Removing stm32l1xx_hal.o(i.HAL_MspInit), (2 bytes).
    Removing stm32l1xx_hal.o(i.HAL_ResumeTick), (18 bytes).
    Removing stm32l1xx_hal.o(i.HAL_SuspendTick), (18 bytes).
    Removing stm32l1xx_hal_rcc.o(.rev16_text), (4 bytes).
    Removing stm32l1xx_hal_rcc.o(.revsh_text), (4 bytes).
    Removing stm32l1xx_hal_rcc.o(.rrx_text), (6 bytes).
    Removing stm32l1xx_hal_rcc.o(i.HAL_RCC_CSSCallback), (2 bytes).
    Removing stm32l1xx_hal_rcc.o(i.HAL_RCC_DeInit), (152 bytes).
    Removing stm32l1xx_hal_rcc.o(i.HAL_RCC_DisableCSS), (28 bytes).
    Removing stm32l1xx_hal_rcc.o(i.HAL_RCC_EnableCSS), (24 bytes).
    Removing stm32l1xx_hal_rcc.o(i.HAL_RCC_GetClockConfig), (68 bytes).
    Removing stm32l1xx_hal_rcc.o(i.HAL_RCC_GetOscConfig), (292 bytes).
    Removing stm32l1xx_hal_rcc.o(i.HAL_RCC_MCOConfig), (104 bytes).
    Removing stm32l1xx_hal_rcc.o(i.HAL_RCC_NMI_IRQHandler), (32 bytes).
    Removing stm32l1xx_hal_pwr_ex.o(.rev16_text), (4 bytes).
    Removing stm32l1xx_hal_pwr_ex.o(.revsh_text), (4 bytes).
    Removing stm32l1xx_hal_pwr_ex.o(.rrx_text), (6 bytes).
    Removing stm32l1xx_hal_pwr_ex.o(i.HAL_PWREx_DisableFastWakeUp), (28 bytes).
    Removing stm32l1xx_hal_pwr_ex.o(i.HAL_PWREx_DisableLowPowerRunMode), (40 bytes).
    Removing stm32l1xx_hal_pwr_ex.o(i.HAL_PWREx_DisableUltraLowPower), (28 bytes).
    Removing stm32l1xx_hal_pwr_ex.o(i.HAL_PWREx_EnableFastWakeUp), (24 bytes).
    Removing stm32l1xx_hal_pwr_ex.o(i.HAL_PWREx_EnableLowPowerRunMode), (36 bytes).
    Removing stm32l1xx_hal_pwr_ex.o(i.HAL_PWREx_EnableUltraLowPower), (24 bytes).
    Removing stm32l1xx_hal_flash_ramfunc.o(.rev16_text), (4 bytes).
    Removing stm32l1xx_hal_flash_ramfunc.o(.revsh_text), (4 bytes).
    Removing stm32l1xx_hal_flash_ramfunc.o(.rrx_text), (6 bytes).
    Removing stm32l1xx_hal_flash_ramfunc.o(i.FLASHRAM_WaitForLastOperation), (104 bytes).
    Removing stm32l1xx_hal_flash_ramfunc.o(i.HAL_FLASHEx_DATAEEPROM_EraseDoubleWord), (120 bytes).
    Removing stm32l1xx_hal_flash_ramfunc.o(i.HAL_FLASHEx_DATAEEPROM_ProgramDoubleWord), (128 bytes).
    Removing stm32l1xx_hal_flash_ramfunc.o(i.HAL_FLASHEx_DisableRunPowerDown), (48 bytes).
    Removing stm32l1xx_hal_flash_ramfunc.o(i.HAL_FLASHEx_EnableRunPowerDown), (48 bytes).
    Removing stm32l1xx_hal_flash_ramfunc.o(i.HAL_FLASHEx_EraseParallelPage), (108 bytes).
    Removing stm32l1xx_hal_flash_ramfunc.o(i.HAL_FLASHEx_HalfPageProgram), (136 bytes).
    Removing stm32l1xx_hal_flash_ramfunc.o(i.HAL_FLASHEx_ProgramParallelHalfPage), (188 bytes).
    Removing stm32l1xx_hal_tim.o(.rev16_text), (4 bytes).
    Removing stm32l1xx_hal_tim.o(.revsh_text), (4 bytes).
    Removing stm32l1xx_hal_tim.o(.rrx_text), (6 bytes).
    Removing stm32l1xx_hal_tim_ex.o(.rev16_text), (4 bytes).
    Removing stm32l1xx_hal_tim_ex.o(.revsh_text), (4 bytes).
    Removing stm32l1xx_hal_tim_ex.o(.rrx_text), (6 bytes).
    Removing stm32l1xx_hal_uart.o(.rev16_text), (4 bytes).
    Removing stm32l1xx_hal_uart.o(.revsh_text), (4 bytes).
    Removing stm32l1xx_hal_uart.o(.rrx_text), (6 bytes).
    Removing stm32l1xx_hal_uart.o(i.HAL_HalfDuplex_EnableReceiver), (64 bytes).
    Removing stm32l1xx_hal_uart.o(i.HAL_HalfDuplex_EnableTransmitter), (66 bytes).
    Removing stm32l1xx_hal_uart.o(i.HAL_HalfDuplex_Init), (114 bytes).
    Removing stm32l1xx_hal_uart.o(i.HAL_LIN_Init), (130 bytes).
    Removing stm32l1xx_hal_uart.o(i.HAL_LIN_SendBreak), (62 bytes).
    Removing stm32l1xx_hal_uart.o(i.HAL_MultiProcessor_EnterMuteMode), (62 bytes).
    Removing stm32l1xx_hal_uart.o(i.HAL_MultiProcessor_ExitMuteMode), (62 bytes).
    Removing stm32l1xx_hal_uart.o(i.HAL_MultiProcessor_Init), (134 bytes).
    Removing stm32l1xx_hal_uart.o(i.HAL_UART_DMAPause), (118 bytes).
    Removing stm32l1xx_hal_uart.o(i.HAL_UART_DMAResume), (156 bytes).
    Removing stm32l1xx_hal_uart.o(i.HAL_UART_DMAStop), (46 bytes).
    Removing stm32l1xx_hal_uart.o(i.HAL_UART_DeInit), (68 bytes).
    Removing stm32l1xx_hal_uart.o(i.HAL_UART_GetError), (6 bytes).
    Removing stm32l1xx_hal_uart.o(i.HAL_UART_GetState), (8 bytes).
    Removing stm32l1xx_hal_uart.o(i.HAL_UART_MspDeInit), (2 bytes).
    Removing stm32l1xx_hal_uart.o(i.HAL_UART_MspInit), (2 bytes).
    Removing stm32l1xx_hal_uart.o(i.HAL_UART_Receive), (248 bytes).
    Removing stm32l1xx_hal_uart.o(i.HAL_UART_Receive_IT), (134 bytes).
    Removing stm32l1xx_hal_uart.o(i.HAL_UART_RxCpltCallback), (2 bytes).
    Removing stm32l1xx_hal_uart.o(i.HAL_UART_Transmit), (240 bytes).
    Removing stm32l1xx_hal_uart.o(i.HAL_UART_Transmit_IT), (110 bytes).
    Removing stm32l1xx_hal_uart.o(i.UART_WaitOnFlagUntilTimeout), (250 bytes).
    Removing stm32l1xx_hal_flash.o(.rev16_text), (4 bytes).
    Removing stm32l1xx_hal_flash.o(.revsh_text), (4 bytes).
    Removing stm32l1xx_hal_flash.o(.rrx_text), (6 bytes).
    Removing stm32l1xx_hal_flash.o(i.HAL_FLASH_EndOfOperationCallback), (2 bytes).
    Removing stm32l1xx_hal_flash.o(i.HAL_FLASH_GetError), (12 bytes).
    Removing stm32l1xx_hal_flash.o(i.HAL_FLASH_IRQHandler), (300 bytes).
    Removing stm32l1xx_hal_flash.o(i.HAL_FLASH_Lock), (20 bytes).
    Removing stm32l1xx_hal_flash.o(i.HAL_FLASH_OB_Launch), (28 bytes).
    Removing stm32l1xx_hal_flash.o(i.HAL_FLASH_OB_Lock), (20 bytes).
    Removing stm32l1xx_hal_flash.o(i.HAL_FLASH_OB_Unlock), (76 bytes).
    Removing stm32l1xx_hal_flash.o(i.HAL_FLASH_OperationErrorCallback), (2 bytes).
    Removing stm32l1xx_hal_flash.o(i.HAL_FLASH_Program), (88 bytes).
    Removing stm32l1xx_hal_flash.o(i.HAL_FLASH_Program_IT), (72 bytes).
    Removing stm32l1xx_hal_flash.o(i.HAL_FLASH_Unlock), (76 bytes).
    Removing stm32l1xx_it.o(.rev16_text), (4 bytes).
    Removing stm32l1xx_it.o(.revsh_text), (4 bytes).
    Removing stm32l1xx_it.o(.rrx_text), (6 bytes).
    Removing main.o(.rev16_text), (4 bytes).
    Removing main.o(.revsh_text), (4 bytes).
    Removing main.o(.rrx_text), (6 bytes).
    Removing stm32l1xx_hal_msp.o(.rev16_text), (4 bytes).
    Removing stm32l1xx_hal_msp.o(.revsh_text), (4 bytes).
    Removing stm32l1xx_hal_msp.o(.rrx_text), (6 bytes).
    Removing stm32l1xx_hal_msp.o(i.HAL_UART_MspDeInit), (68 bytes).
    Removing pmtk_driver.o(.rev16_text), (4 bytes).
    Removing pmtk_driver.o(.revsh_text), (4 bytes).
    Removing pmtk_driver.o(.rrx_text), (6 bytes).
    Removing pmtk_hw_config.o(.rev16_text), (4 bytes).
    Removing pmtk_hw_config.o(.revsh_text), (4 bytes).
    Removing pmtk_hw_config.o(.rrx_text), (6 bytes).
    Removing misc.o(.rev16_text), (4 bytes).
    Removing misc.o(.revsh_text), (4 bytes).
    Removing misc.o(.rrx_text), (6 bytes).
    Removing misc.o(i.EEPROM_WriteWord), (40 bytes).
    Removing startup_stm32l152xe.o(HEAP), (512 bytes).
    Removing cdcmple.o(.text), (48 bytes).

203 unused section(s) (total 13254 bytes) removed from the image.

==============================================================================

Image Symbol Table

    Local Symbols

    Symbol Name                              Value     Ov Type        Size  Object(Section)

    ../Drivers/CMSIS/Device/ST/STM32L1xx/Source/Templates/system_stm32l1xx.c 0x00000000   Number         0  system_stm32l1xx.o ABSOLUTE
    ../Drivers/STM32L1xx_HAL_Driver/Src/stm32l1xx_hal.c 0x00000000   Number         0  stm32l1xx_hal.o ABSOLUTE
    ../Drivers/STM32L1xx_HAL_Driver/Src/stm32l1xx_hal_cortex.c 0x00000000   Number         0  stm32l1xx_hal_cortex.o ABSOLUTE
    ../Drivers/STM32L1xx_HAL_Driver/Src/stm32l1xx_hal_dma.c 0x00000000   Number         0  stm32l1xx_hal_dma.o ABSOLUTE
    ../Drivers/STM32L1xx_HAL_Driver/Src/stm32l1xx_hal_flash.c 0x00000000   Number         0  stm32l1xx_hal_flash.o ABSOLUTE
    ../Drivers/STM32L1xx_HAL_Driver/Src/stm32l1xx_hal_flash_ex.c 0x00000000   Number         0  stm32l1xx_hal_flash_ex.o ABSOLUTE
    ../Drivers/STM32L1xx_HAL_Driver/Src/stm32l1xx_hal_flash_ramfunc.c 0x00000000   Number         0  stm32l1xx_hal_flash_ramfunc.o ABSOLUTE
    ../Drivers/STM32L1xx_HAL_Driver/Src/stm32l1xx_hal_gpio.c 0x00000000   Number         0  stm32l1xx_hal_gpio.o ABSOLUTE
    ../Drivers/STM32L1xx_HAL_Driver/Src/stm32l1xx_hal_pwr.c 0x00000000   Number         0  stm32l1xx_hal_pwr.o ABSOLUTE
    ../Drivers/STM32L1xx_HAL_Driver/Src/stm32l1xx_hal_pwr_ex.c 0x00000000   Number         0  stm32l1xx_hal_pwr_ex.o ABSOLUTE
    ../Drivers/STM32L1xx_HAL_Driver/Src/stm32l1xx_hal_rcc.c 0x00000000   Number         0  stm32l1xx_hal_rcc.o ABSOLUTE
    ../Drivers/STM32L1xx_HAL_Driver/Src/stm32l1xx_hal_rcc_ex.c 0x00000000   Number         0  stm32l1xx_hal_rcc_ex.o ABSOLUTE
    ../Drivers/STM32L1xx_HAL_Driver/Src/stm32l1xx_hal_tim.c 0x00000000   Number         0  stm32l1xx_hal_tim.o ABSOLUTE
    ../Drivers/STM32L1xx_HAL_Driver/Src/stm32l1xx_hal_tim_ex.c 0x00000000   Number         0  stm32l1xx_hal_tim_ex.o ABSOLUTE
    ../Drivers/STM32L1xx_HAL_Driver/Src/stm32l1xx_hal_uart.c 0x00000000   Number         0  stm32l1xx_hal_uart.o ABSOLUTE
    ../Src/main.c                            0x00000000   Number         0  main.o ABSOLUTE
    ../Src/stm32l1xx_hal_msp.c               0x00000000   Number         0  stm32l1xx_hal_msp.o ABSOLUTE
    ../Src/stm32l1xx_it.c                    0x00000000   Number         0  stm32l1xx_it.o ABSOLUTE
    ../clib/microlib/errno.c                 0x00000000   Number         0  errno.o ABSOLUTE
    ../clib/microlib/init/entry.s            0x00000000   Number         0  entry11b.o ABSOLUTE
    ../clib/microlib/init/entry.s            0x00000000   Number         0  entry11a.o ABSOLUTE
    ../clib/microlib/init/entry.s            0x00000000   Number         0  entry10a.o ABSOLUTE
    ../clib/microlib/init/entry.s            0x00000000   Number         0  entry2.o ABSOLUTE
    ../clib/microlib/init/entry.s            0x00000000   Number         0  entry5.o ABSOLUTE
    ../clib/microlib/init/entry.s            0x00000000   Number         0  entry7a.o ABSOLUTE
    ../clib/microlib/init/entry.s            0x00000000   Number         0  entry10b.o ABSOLUTE
    ../clib/microlib/init/entry.s            0x00000000   Number         0  entry.o ABSOLUTE
    ../clib/microlib/init/entry.s            0x00000000   Number         0  entry7b.o ABSOLUTE
    ../clib/microlib/init/entry.s            0x00000000   Number         0  entry9b.o ABSOLUTE
    ../clib/microlib/init/entry.s            0x00000000   Number         0  entry8a.o ABSOLUTE
    ../clib/microlib/init/entry.s            0x00000000   Number         0  entry8b.o ABSOLUTE
    ../clib/microlib/init/entry.s            0x00000000   Number         0  entry9a.o ABSOLUTE
    ../clib/microlib/longlong.c              0x00000000   Number         0  llsshr.o ABSOLUTE
    ../clib/microlib/longlong.c              0x00000000   Number         0  llshl.o ABSOLUTE
    ../clib/microlib/longlong.c              0x00000000   Number         0  llushr.o ABSOLUTE
    ../clib/microlib/string/memcmp.c         0x00000000   Number         0  memcmp.o ABSOLUTE
    ../clib/microlib/string/memcpy.c         0x00000000   Number         0  memcpya.o ABSOLUTE
    ../clib/microlib/string/memcpy.c         0x00000000   Number         0  memcpyb.o ABSOLUTE
    ../clib/microlib/string/memset.c         0x00000000   Number         0  memseta.o ABSOLUTE
    ../clib/microlib/string/strcmp.c         0x00000000   Number         0  strcmp.o ABSOLUTE
    ../clib/microlib/string/strcpy.c         0x00000000   Number         0  strcpy.o ABSOLUTE
    ../clib/microlib/string/strlen.c         0x00000000   Number         0  strlen.o ABSOLUTE
    ../clib/microlib/stubs.s                 0x00000000   Number         0  iusefp.o ABSOLUTE
    ../fplib/microlib/fpadd.c                0x00000000   Number         0  fadd.o ABSOLUTE
    ../fplib/microlib/fpadd.c                0x00000000   Number         0  dadd.o ABSOLUTE
    ../fplib/microlib/fpdiv.c                0x00000000   Number         0  fdiv.o ABSOLUTE
    ../fplib/microlib/fpdiv.c                0x00000000   Number         0  ddiv.o ABSOLUTE
    ../fplib/microlib/fpepilogue.c           0x00000000   Number         0  fepilogue.o ABSOLUTE
    ../fplib/microlib/fpepilogue.c           0x00000000   Number         0  depilogue.o ABSOLUTE
    ../fplib/microlib/fpfix.c                0x00000000   Number         0  dfixui.o ABSOLUTE
    ../fplib/microlib/fpflt.c                0x00000000   Number         0  dflti.o ABSOLUTE
    ../fplib/microlib/fpflt.c                0x00000000   Number         0  dfltui.o ABSOLUTE
    ../fplib/microlib/fpflt.c                0x00000000   Number         0  ffltui.o ABSOLUTE
    ../fplib/microlib/fpmul.c                0x00000000   Number         0  fmul.o ABSOLUTE
    ../fplib/microlib/fpmul.c                0x00000000   Number         0  dmul.o ABSOLUTE
    ../fplib/microlib/fpscalb.c              0x00000000   Number         0  dscalb.o ABSOLUTE
    ../fplib/microlib/fpsqrt.c               0x00000000   Number         0  dsqrt.o ABSOLUTE
    ../mathlib/dunder.c                      0x00000000   Number         0  dunder.o ABSOLUTE
    ../mathlib/fpclassify.c                  0x00000000   Number         0  fpclassify.o ABSOLUTE
    ../mathlib/poly.c                        0x00000000   Number         0  poly.o ABSOLUTE
    ../mathlib/pow.c                         0x00000000   Number         0  pow_x.o ABSOLUTE
    ../mathlib/pow.c                         0x00000000   Number         0  pow.o ABSOLUTE
    ../mathlib/qnan.c                        0x00000000   Number         0  qnan.o ABSOLUTE
    ../mathlib/sqrt.c                        0x00000000   Number         0  sqrt.o ABSOLUTE
    ../mathlib/sqrt.c                        0x00000000   Number         0  sqrt_x.o ABSOLUTE
    ..\Drivers\CMSIS\Device\ST\STM32L1xx\Source\Templates\system_stm32l1xx.c 0x00000000   Number         0  system_stm32l1xx.o ABSOLUTE
    ..\Drivers\STM32L1xx_HAL_Driver\Src\stm32l1xx_hal.c 0x00000000   Number         0  stm32l1xx_hal.o ABSOLUTE
    ..\Drivers\STM32L1xx_HAL_Driver\Src\stm32l1xx_hal_cortex.c 0x00000000   Number         0  stm32l1xx_hal_cortex.o ABSOLUTE
    ..\Drivers\STM32L1xx_HAL_Driver\Src\stm32l1xx_hal_dma.c 0x00000000   Number         0  stm32l1xx_hal_dma.o ABSOLUTE
    ..\Drivers\STM32L1xx_HAL_Driver\Src\stm32l1xx_hal_flash.c 0x00000000   Number         0  stm32l1xx_hal_flash.o ABSOLUTE
    ..\Drivers\STM32L1xx_HAL_Driver\Src\stm32l1xx_hal_flash_ex.c 0x00000000   Number         0  stm32l1xx_hal_flash_ex.o ABSOLUTE
    ..\Drivers\STM32L1xx_HAL_Driver\Src\stm32l1xx_hal_flash_ramfunc.c 0x00000000   Number         0  stm32l1xx_hal_flash_ramfunc.o ABSOLUTE
    ..\Drivers\STM32L1xx_HAL_Driver\Src\stm32l1xx_hal_gpio.c 0x00000000   Number         0  stm32l1xx_hal_gpio.o ABSOLUTE
    ..\Drivers\STM32L1xx_HAL_Driver\Src\stm32l1xx_hal_pwr.c 0x00000000   Number         0  stm32l1xx_hal_pwr.o ABSOLUTE
    ..\Drivers\STM32L1xx_HAL_Driver\Src\stm32l1xx_hal_pwr_ex.c 0x00000000   Number         0  stm32l1xx_hal_pwr_ex.o ABSOLUTE
    ..\Drivers\STM32L1xx_HAL_Driver\Src\stm32l1xx_hal_rcc.c 0x00000000   Number         0  stm32l1xx_hal_rcc.o ABSOLUTE
    ..\Drivers\STM32L1xx_HAL_Driver\Src\stm32l1xx_hal_rcc_ex.c 0x00000000   Number         0  stm32l1xx_hal_rcc_ex.o ABSOLUTE
    ..\Drivers\STM32L1xx_HAL_Driver\Src\stm32l1xx_hal_tim.c 0x00000000   Number         0  stm32l1xx_hal_tim.o ABSOLUTE
    ..\Drivers\STM32L1xx_HAL_Driver\Src\stm32l1xx_hal_tim_ex.c 0x00000000   Number         0  stm32l1xx_hal_tim_ex.o ABSOLUTE
    ..\Drivers\STM32L1xx_HAL_Driver\Src\stm32l1xx_hal_uart.c 0x00000000   Number         0  stm32l1xx_hal_uart.o ABSOLUTE
    ..\Src\main.c                            0x00000000   Number         0  main.o ABSOLUTE
    ..\Src\misc.c                            0x00000000   Number         0  misc.o ABSOLUTE
    ..\Src\pmtk_driver.c                     0x00000000   Number         0  pmtk_driver.o ABSOLUTE
    ..\Src\pmtk_hw_config.c                  0x00000000   Number         0  pmtk_hw_config.o ABSOLUTE
    ..\Src\stm32l1xx_hal_msp.c               0x00000000   Number         0  stm32l1xx_hal_msp.o ABSOLUTE
    ..\Src\stm32l1xx_it.c                    0x00000000   Number         0  stm32l1xx_it.o ABSOLUTE
    ..\\Src\\misc.c                          0x00000000   Number         0  misc.o ABSOLUTE
    ..\\Src\\pmtk_driver.c                   0x00000000   Number         0  pmtk_driver.o ABSOLUTE
    ..\\Src\\pmtk_hw_config.c                0x00000000   Number         0  pmtk_hw_config.o ABSOLUTE
    cdcmple.s                                0x00000000   Number         0  cdcmple.o ABSOLUTE
    cdrcmple.s                               0x00000000   Number         0  cdrcmple.o ABSOLUTE
    dc.s                                     0x00000000   Number         0  dc.o ABSOLUTE
    handlers.s                               0x00000000   Number         0  handlers.o ABSOLUTE
    init.s                                   0x00000000   Number         0  init.o ABSOLUTE
    startup_stm32l152xe.s                    0x00000000   Number         0  startup_stm32l152xe.o ABSOLUTE
    RESET                                    0x08000000   Section      292  startup_stm32l152xe.o(RESET)
    .ARM.Collect$$$$00000000                 0x08000124   Section        0  entry.o(.ARM.Collect$$$$00000000)
    .ARM.Collect$$$$00000001                 0x08000124   Section        4  entry2.o(.ARM.Collect$$$$00000001)
    .ARM.Collect$$$$00000004                 0x08000128   Section        4  entry5.o(.ARM.Collect$$$$00000004)
    .ARM.Collect$$$$00000008                 0x0800012c   Section        0  entry7b.o(.ARM.Collect$$$$00000008)
    .ARM.Collect$$$$0000000A                 0x0800012c   Section        0  entry8b.o(.ARM.Collect$$$$0000000A)
    .ARM.Collect$$$$0000000B                 0x0800012c   Section        8  entry9a.o(.ARM.Collect$$$$0000000B)
    .ARM.Collect$$$$0000000D                 0x08000134   Section        0  entry10a.o(.ARM.Collect$$$$0000000D)
    .ARM.Collect$$$$0000000F                 0x08000134   Section        0  entry11a.o(.ARM.Collect$$$$0000000F)
    .ARM.Collect$$$$00002712                 0x08000134   Section        4  entry2.o(.ARM.Collect$$$$00002712)
    __lit__00000000                          0x08000134   Data           4  entry2.o(.ARM.Collect$$$$00002712)
    .text                                    0x08000138   Section       36  startup_stm32l152xe.o(.text)
    .text                                    0x0800015c   Section        0  memcpya.o(.text)
    .text                                    0x08000180   Section        0  memseta.o(.text)
    .text                                    0x080001a4   Section        0  strlen.o(.text)
    .text                                    0x080001b2   Section        0  strcmp.o(.text)
    .text                                    0x080001ce   Section        0  memcmp.o(.text)
    .text                                    0x080001e8   Section        0  strcpy.o(.text)
    .text                                    0x080001fa   Section        0  fadd.o(.text)
    .text                                    0x080002aa   Section        0  fmul.o(.text)
    .text                                    0x0800030e   Section        0  fdiv.o(.text)
    .text                                    0x0800038a   Section        0  dadd.o(.text)
    .text                                    0x080004d8   Section        0  dmul.o(.text)
    .text                                    0x080005bc   Section        0  ffltui.o(.text)
    .text                                    0x080005c6   Section        0  dflti.o(.text)
    .text                                    0x080005e8   Section        0  dfltui.o(.text)
    .text                                    0x08000602   Section        0  dfixui.o(.text)
    .text                                    0x08000634   Section        0  llshl.o(.text)
    .text                                    0x08000652   Section        0  llushr.o(.text)
    .text                                    0x08000672   Section        0  llsshr.o(.text)
    .text                                    0x08000696   Section        0  fepilogue.o(.text)
    .text                                    0x08000696   Section        0  iusefp.o(.text)
    .text                                    0x08000704   Section        0  depilogue.o(.text)
    .text                                    0x080007be   Section        0  ddiv.o(.text)
    .text                                    0x0800089c   Section        0  dscalb.o(.text)
    .text                                    0x080008cc   Section       48  cdrcmple.o(.text)
    .text                                    0x080008fc   Section       36  init.o(.text)
    .text                                    0x08000920   Section        0  dsqrt.o(.text)
    i.AsciiToHex                             0x080009c4   Section        0  pmtk_driver.o(i.AsciiToHex)
    i.BuildFrame                             0x08000a58   Section        0  pmtk_driver.o(i.BuildFrame)
    i.DMA1_Channel4_IRQHandler               0x08000ab4   Section        0  stm32l1xx_it.o(i.DMA1_Channel4_IRQHandler)
    i.DMA1_Channel5_IRQHandler               0x08000ac4   Section        0  stm32l1xx_it.o(i.DMA1_Channel5_IRQHandler)
    i.DMA_SetConfig                          0x08000ad4   Section        0  stm32l1xx_hal_dma.o(i.DMA_SetConfig)
    DMA_SetConfig                            0x08000ad5   Thumb Code    32  stm32l1xx_hal_dma.o(i.DMA_SetConfig)
    i.EEPROM_WriteByte                       0x08000af4   Section        0  misc.o(i.EEPROM_WriteByte)
    i.EXTI15_10_IRQHandler                   0x08000b1c   Section        0  stm32l1xx_it.o(i.EXTI15_10_IRQHandler)
    i.ExtractStr                             0x08000b28   Section        0  pmtk_driver.o(i.ExtractStr)
    i.FLASH_DATAEEPROM_FastProgramByte       0x08000b88   Section        0  stm32l1xx_hal_flash_ex.o(i.FLASH_DATAEEPROM_FastProgramByte)
    FLASH_DATAEEPROM_FastProgramByte         0x08000b89   Thumb Code    48  stm32l1xx_hal_flash_ex.o(i.FLASH_DATAEEPROM_FastProgramByte)
    i.FLASH_DATAEEPROM_FastProgramHalfWord   0x08000bbc   Section        0  stm32l1xx_hal_flash_ex.o(i.FLASH_DATAEEPROM_FastProgramHalfWord)
    FLASH_DATAEEPROM_FastProgramHalfWord     0x08000bbd   Thumb Code    48  stm32l1xx_hal_flash_ex.o(i.FLASH_DATAEEPROM_FastProgramHalfWord)
    i.FLASH_DATAEEPROM_FastProgramWord       0x08000bf0   Section        0  stm32l1xx_hal_flash_ex.o(i.FLASH_DATAEEPROM_FastProgramWord)
    FLASH_DATAEEPROM_FastProgramWord         0x08000bf1   Thumb Code    48  stm32l1xx_hal_flash_ex.o(i.FLASH_DATAEEPROM_FastProgramWord)
    i.FLASH_DATAEEPROM_ProgramByte           0x08000c24   Section        0  stm32l1xx_hal_flash_ex.o(i.FLASH_DATAEEPROM_ProgramByte)
    FLASH_DATAEEPROM_ProgramByte             0x08000c25   Thumb Code    36  stm32l1xx_hal_flash_ex.o(i.FLASH_DATAEEPROM_ProgramByte)
    i.FLASH_DATAEEPROM_ProgramHalfWord       0x08000c48   Section        0  stm32l1xx_hal_flash_ex.o(i.FLASH_DATAEEPROM_ProgramHalfWord)
    FLASH_DATAEEPROM_ProgramHalfWord         0x08000c49   Thumb Code    36  stm32l1xx_hal_flash_ex.o(i.FLASH_DATAEEPROM_ProgramHalfWord)
    i.FLASH_DATAEEPROM_ProgramWord           0x08000c6c   Section        0  stm32l1xx_hal_flash_ex.o(i.FLASH_DATAEEPROM_ProgramWord)
    FLASH_DATAEEPROM_ProgramWord             0x08000c6d   Thumb Code    36  stm32l1xx_hal_flash_ex.o(i.FLASH_DATAEEPROM_ProgramWord)
    i.FLASH_SetErrorCode                     0x08000c90   Section        0  stm32l1xx_hal_flash.o(i.FLASH_SetErrorCode)
    FLASH_SetErrorCode                       0x08000c91   Thumb Code   130  stm32l1xx_hal_flash.o(i.FLASH_SetErrorCode)
    i.FLASH_WaitForLastOperation             0x08000d1c   Section        0  stm32l1xx_hal_flash.o(i.FLASH_WaitForLastOperation)
    i.Get_Timestamp                          0x08000da0   Section        0  pmtk_driver.o(i.Get_Timestamp)
    i.HAL_DMA_IRQHandler                     0x08000e68   Section        0  stm32l1xx_hal_dma.o(i.HAL_DMA_IRQHandler)
    i.HAL_DMA_Init                           0x08001778   Section        0  stm32l1xx_hal_dma.o(i.HAL_DMA_Init)
    i.HAL_DMA_Start_IT                       0x080017cc   Section        0  stm32l1xx_hal_dma.o(i.HAL_DMA_Start_IT)
    i.HAL_Delay                              0x08001842   Section        0  stm32l1xx_hal.o(i.HAL_Delay)
    i.HAL_FLASHEx_DATAEEPROM_Lock            0x0800185c   Section        0  stm32l1xx_hal_flash_ex.o(i.HAL_FLASHEx_DATAEEPROM_Lock)
    i.HAL_FLASHEx_DATAEEPROM_Program         0x08001870   Section        0  stm32l1xx_hal_flash_ex.o(i.HAL_FLASHEx_DATAEEPROM_Program)
    i.HAL_FLASHEx_DATAEEPROM_Unlock          0x0800190c   Section        0  stm32l1xx_hal_flash_ex.o(i.HAL_FLASHEx_DATAEEPROM_Unlock)
    i.HAL_GPIO_EXTI_Callback                 0x08001938   Section        0  misc.o(i.HAL_GPIO_EXTI_Callback)
    i.HAL_GPIO_EXTI_IRQHandler               0x0800194c   Section        0  stm32l1xx_hal_gpio.o(i.HAL_GPIO_EXTI_IRQHandler)
    i.HAL_GPIO_Init                          0x08001968   Section        0  stm32l1xx_hal_gpio.o(i.HAL_GPIO_Init)
    i.HAL_GPIO_TogglePin                     0x08001b54   Section        0  stm32l1xx_hal_gpio.o(i.HAL_GPIO_TogglePin)
    i.HAL_GPIO_WritePin                      0x08001b5c   Section        0  stm32l1xx_hal_gpio.o(i.HAL_GPIO_WritePin)
    i.HAL_GetTick                            0x08001b68   Section        0  stm32l1xx_hal.o(i.HAL_GetTick)
    i.HAL_IncTick                            0x08001b74   Section        0  stm32l1xx_hal.o(i.HAL_IncTick)
    i.HAL_Init                               0x08001b84   Section        0  stm32l1xx_hal.o(i.HAL_Init)
    i.HAL_InitTick                           0x08001b9c   Section        0  stm32l1xx_hal.o(i.HAL_InitTick)
    i.HAL_MspInit                            0x08001bc4   Section        0  stm32l1xx_hal_msp.o(i.HAL_MspInit)
    i.HAL_NVIC_EnableIRQ                     0x08001c44   Section        0  stm32l1xx_hal_cortex.o(i.HAL_NVIC_EnableIRQ)
    i.HAL_NVIC_SetPriority                   0x08001c5e   Section        0  stm32l1xx_hal_cortex.o(i.HAL_NVIC_SetPriority)
    i.HAL_NVIC_SetPriorityGrouping           0x08001cdc   Section        0  stm32l1xx_hal_cortex.o(i.HAL_NVIC_SetPriorityGrouping)
    i.HAL_PWREx_GetVoltageRange              0x08001d04   Section        0  stm32l1xx_hal_pwr_ex.o(i.HAL_PWREx_GetVoltageRange)
    i.HAL_RCC_ClockConfig                    0x08001d14   Section        0  stm32l1xx_hal_rcc.o(i.HAL_RCC_ClockConfig)
    i.HAL_RCC_GetHCLKFreq                    0x08001ffc   Section        0  stm32l1xx_hal_rcc.o(i.HAL_RCC_GetHCLKFreq)
    i.HAL_RCC_GetPCLK1Freq                   0x08002008   Section        0  stm32l1xx_hal_rcc.o(i.HAL_RCC_GetPCLK1Freq)
    i.HAL_RCC_GetPCLK2Freq                   0x08002034   Section        0  stm32l1xx_hal_rcc.o(i.HAL_RCC_GetPCLK2Freq)
    i.HAL_RCC_GetSysClockFreq                0x08002060   Section        0  stm32l1xx_hal_rcc.o(i.HAL_RCC_GetSysClockFreq)
    i.HAL_RCC_OscConfig                      0x0800211c   Section        0  stm32l1xx_hal_rcc.o(i.HAL_RCC_OscConfig)
    i.HAL_SYSTICK_CLKSourceConfig            0x08002a68   Section        0  stm32l1xx_hal_cortex.o(i.HAL_SYSTICK_CLKSourceConfig)
    i.HAL_SYSTICK_Callback                   0x08002a90   Section        0  stm32l1xx_hal_cortex.o(i.HAL_SYSTICK_Callback)
    i.HAL_SYSTICK_Config                     0x08002a92   Section        0  stm32l1xx_hal_cortex.o(i.HAL_SYSTICK_Config)
    i.HAL_SYSTICK_IRQHandler                 0x08002ac6   Section        0  stm32l1xx_hal_cortex.o(i.HAL_SYSTICK_IRQHandler)
    i.HAL_UART_ErrorCallback                 0x08002ace   Section        0  stm32l1xx_hal_uart.o(i.HAL_UART_ErrorCallback)
    i.HAL_UART_IRQHandler                    0x08002ad0   Section        0  stm32l1xx_hal_uart.o(i.HAL_UART_IRQHandler)
    i.HAL_UART_Init                          0x08002baa   Section        0  stm32l1xx_hal_uart.o(i.HAL_UART_Init)
    i.HAL_UART_MspInit                       0x08002c18   Section        0  stm32l1xx_hal_msp.o(i.HAL_UART_MspInit)
    i.HAL_UART_Receive_DMA                   0x08002cec   Section        0  stm32l1xx_hal_uart.o(i.HAL_UART_Receive_DMA)
    i.HAL_UART_RxCpltCallback                0x08002d8c   Section        0  pmtk_hw_config.o(i.HAL_UART_RxCpltCallback)
    i.HAL_UART_RxHalfCpltCallback            0x08002e2c   Section        0  stm32l1xx_hal_uart.o(i.HAL_UART_RxHalfCpltCallback)
    i.HAL_UART_Transmit_DMA                  0x08002e30   Section        0  stm32l1xx_hal_uart.o(i.HAL_UART_Transmit_DMA)
    i.HAL_UART_TxCpltCallback                0x08002ed8   Section        0  stm32l1xx_hal_uart.o(i.HAL_UART_TxCpltCallback)
    i.HAL_UART_TxHalfCpltCallback            0x08002eda   Section        0  stm32l1xx_hal_uart.o(i.HAL_UART_TxHalfCpltCallback)
    i.HexToAscii                             0x08002edc   Section        0  pmtk_driver.o(i.HexToAscii)
    i.L86_Send                               0x08002eee   Section        0  pmtk_driver.o(i.L86_Send)
    i.MX_DMA_Init                            0x08002f3c   Section        0  main.o(i.MX_DMA_Init)
    MX_DMA_Init                              0x08002f3d   Thumb Code    64  main.o(i.MX_DMA_Init)
    i.MX_GPIO_Init                           0x08002f80   Section        0  main.o(i.MX_GPIO_Init)
    MX_GPIO_Init                             0x08002f81   Thumb Code   316  main.o(i.MX_GPIO_Init)
    i.MX_USART1_UART_Init                    0x080030d8   Section        0  main.o(i.MX_USART1_UART_Init)
    MX_USART1_UART_Init                      0x080030d9   Thumb Code    40  main.o(i.MX_USART1_UART_Init)
    i.NVIC_GetPriorityGrouping               0x08003108   Section        0  stm32l1xx_hal_cortex.o(i.NVIC_GetPriorityGrouping)
    NVIC_GetPriorityGrouping                 0x08003109   Thumb Code    10  stm32l1xx_hal_cortex.o(i.NVIC_GetPriorityGrouping)
    i.NVIC_SetPriority                       0x08003118   Section        0  stm32l1xx_hal_cortex.o(i.NVIC_SetPriority)
    NVIC_SetPriority                         0x08003119   Thumb Code    32  stm32l1xx_hal_cortex.o(i.NVIC_SetPriority)
    i.OnboardLed                             0x08003140   Section        0  misc.o(i.OnboardLed)
    i.RCC_SetFlashLatencyFromMSIRange        0x08003164   Section        0  stm32l1xx_hal_rcc.o(i.RCC_SetFlashLatencyFromMSIRange)
    RCC_SetFlashLatencyFromMSIRange          0x08003165   Thumb Code   160  stm32l1xx_hal_rcc.o(i.RCC_SetFlashLatencyFromMSIRange)
    i.RMC_Convert                            0x0800320c   Section        0  pmtk_driver.o(i.RMC_Convert)
    i.SysTick_Handler                        0x080034c0   Section        0  stm32l1xx_it.o(i.SysTick_Handler)
    i.SystemClock_Config                     0x080034cc   Section        0  main.o(i.SystemClock_Config)
    i.SystemInit                             0x08003564   Section        0  system_stm32l1xx.o(i.SystemInit)
    i.UART_DMAError                          0x080035c8   Section        0  stm32l1xx_hal_uart.o(i.UART_DMAError)
    UART_DMAError                            0x080035c9   Thumb Code    34  stm32l1xx_hal_uart.o(i.UART_DMAError)
    i.UART_DMAReceiveCplt                    0x080035ea   Section        0  stm32l1xx_hal_uart.o(i.UART_DMAReceiveCplt)
    UART_DMAReceiveCplt                      0x080035eb   Thumb Code    62  stm32l1xx_hal_uart.o(i.UART_DMAReceiveCplt)
    i.UART_DMARxHalfCplt                     0x08003628   Section        0  stm32l1xx_hal_uart.o(i.UART_DMARxHalfCplt)
    UART_DMARxHalfCplt                       0x08003629   Thumb Code    14  stm32l1xx_hal_uart.o(i.UART_DMARxHalfCplt)
    i.UART_DMATransmitCplt                   0x08003636   Section        0  stm32l1xx_hal_uart.o(i.UART_DMATransmitCplt)
    UART_DMATransmitCplt                     0x08003637   Thumb Code    54  stm32l1xx_hal_uart.o(i.UART_DMATransmitCplt)
    i.UART_DMATxHalfCplt                     0x0800366c   Section        0  stm32l1xx_hal_uart.o(i.UART_DMATxHalfCplt)
    UART_DMATxHalfCplt                       0x0800366d   Thumb Code    14  stm32l1xx_hal_uart.o(i.UART_DMATxHalfCplt)
    i.UART_EndTransmit_IT                    0x0800367a   Section        0  stm32l1xx_hal_uart.o(i.UART_EndTransmit_IT)
    UART_EndTransmit_IT                      0x0800367b   Thumb Code    48  stm32l1xx_hal_uart.o(i.UART_EndTransmit_IT)
    i.UART_Init                              0x080036ac   Section        0  pmtk_hw_config.o(i.UART_Init)
    i.UART_Read                              0x080036e4   Section        0  pmtk_hw_config.o(i.UART_Read)
    i.UART_Receive_IT                        0x08003730   Section        0  stm32l1xx_hal_uart.o(i.UART_Receive_IT)
    UART_Receive_IT                          0x08003731   Thumb Code   188  stm32l1xx_hal_uart.o(i.UART_Receive_IT)
    i.UART_SetConfig                         0x080037ec   Section        0  stm32l1xx_hal_uart.o(i.UART_SetConfig)
    UART_SetConfig                           0x080037ed   Thumb Code   850  stm32l1xx_hal_uart.o(i.UART_SetConfig)
    i.UART_Transmit_IT                       0x08003b44   Section        0  stm32l1xx_hal_uart.o(i.UART_Transmit_IT)
    UART_Transmit_IT                         0x08003b45   Thumb Code   112  stm32l1xx_hal_uart.o(i.UART_Transmit_IT)
    i.UART_WaitForAck                        0x08003bb4   Section        0  pmtk_hw_config.o(i.UART_WaitForAck)
    i.UART_Write                             0x08003c34   Section        0  pmtk_hw_config.o(i.UART_Write)
    i.USART1_IRQHandler                      0x08003c54   Section        0  stm32l1xx_it.o(i.USART1_IRQHandler)
    i.__ARM_fpclassify                       0x08003c64   Section        0  fpclassify.o(i.__ARM_fpclassify)
    i.__kernel_poly                          0x08003c8c   Section        0  poly.o(i.__kernel_poly)
    i.__mathlib_dbl_divzero                  0x08003d38   Section        0  dunder.o(i.__mathlib_dbl_divzero)
    i.__mathlib_dbl_infnan2                  0x08003d48   Section        0  dunder.o(i.__mathlib_dbl_infnan2)
    i.__mathlib_dbl_invalid                  0x08003d4c   Section        0  dunder.o(i.__mathlib_dbl_invalid)
    i.__mathlib_dbl_overflow                 0x08003d58   Section        0  dunder.o(i.__mathlib_dbl_overflow)
    i.__mathlib_dbl_underflow                0x08003d68   Section        0  dunder.o(i.__mathlib_dbl_underflow)
    i.__scatterload_copy                     0x08003d78   Section       14  handlers.o(i.__scatterload_copy)
    i.__scatterload_null                     0x08003d86   Section        2  handlers.o(i.__scatterload_null)
    i.__scatterload_zeroinit                 0x08003d88   Section       14  handlers.o(i.__scatterload_zeroinit)
    i.__set_errno                            0x08003d98   Section        0  errno.o(i.__set_errno)
    i.main                                   0x08003da4   Section        0  main.o(i.main)
    i.pow                                    0x08003f54   Section        0  pow.o(i.pow)
    i.sqrt                                   0x0800492c   Section        0  sqrt.o(i.sqrt)
    .constdata                               0x08004978   Section       33  system_stm32l1xx.o(.constdata)
    .constdata                               0x08004999   Section       13  stm32l1xx_hal_rcc.o(.constdata)
    .constdata                               0x080049a8   Section      136  pow.o(.constdata)
    bp                                       0x080049a8   Data          16  pow.o(.constdata)
    dp_h                                     0x080049b8   Data          16  pow.o(.constdata)
    dp_l                                     0x080049c8   Data          16  pow.o(.constdata)
    L                                        0x080049d8   Data          48  pow.o(.constdata)
    P                                        0x08004a08   Data          40  pow.o(.constdata)
    .constdata                               0x08004a30   Section        8  qnan.o(.constdata)
    .data                                    0x20000000   Section        4  system_stm32l1xx.o(.data)
    .data                                    0x20000004   Section        4  stm32l1xx_hal.o(.data)
    uwTick                                   0x20000004   Data           4  stm32l1xx_hal.o(.data)
    .data                                    0x20000008   Section        4  pmtk_hw_config.o(.data)
    .data                                    0x2000000c   Section        1  misc.o(.data)
    .data                                    0x20000010   Section        4  errno.o(.data)
    _errno                                   0x20000010   Data           4  errno.o(.data)
    .bss                                     0x20000014   Section       24  stm32l1xx_hal_flash.o(.bss)
    .bss                                     0x2000002c   Section      176  main.o(.bss)
    .bss                                     0x200000dc   Section      256  pmtk_hw_config.o(.bss)
    STACK                                    0x200001e0   Section     1024  startup_stm32l152xe.o(STACK)

    Global Symbols

    Symbol Name                              Value     Ov Type        Size  Object(Section)

    BuildAttributes$$THM_ISAv4$P$D$K$B$S$PE$A:L22UL41UL21$X:L11$S22US41US21$IEEE1$IW$USESV6$~STKCKD$USESV7$~SHL$OTIME$ROPI$IEEEX$EBA8$MICROLIB$REQ8$PRES8$EABIv2 0x00000000   Number         0  anon$$obj.o ABSOLUTE
    __ARM_use_no_argv                        0x00000000   Number         0  main.o ABSOLUTE
    __cpp_initialize__aeabi_                  - Undefined Weak Reference
    __cxa_finalize                            - Undefined Weak Reference
    __decompress                              - Undefined Weak Reference
    _clock_init                               - Undefined Weak Reference
    _microlib_exit                            - Undefined Weak Reference
    __Vectors_Size                           0x00000124   Number         0  startup_stm32l152xe.o ABSOLUTE
    __Vectors                                0x08000000   Data           4  startup_stm32l152xe.o(RESET)
    __Vectors_End                            0x08000124   Data           0  startup_stm32l152xe.o(RESET)
    __main                                   0x08000125   Thumb Code     0  entry.o(.ARM.Collect$$$$00000000)
    _main_stk                                0x08000125   Thumb Code     0  entry2.o(.ARM.Collect$$$$00000001)
    _main_scatterload                        0x08000129   Thumb Code     0  entry5.o(.ARM.Collect$$$$00000004)
    __main_after_scatterload                 0x0800012d   Thumb Code     0  entry5.o(.ARM.Collect$$$$00000004)
    _main_clock                              0x0800012d   Thumb Code     0  entry7b.o(.ARM.Collect$$$$00000008)
    _main_cpp_init                           0x0800012d   Thumb Code     0  entry8b.o(.ARM.Collect$$$$0000000A)
    _main_init                               0x0800012d   Thumb Code     0  entry9a.o(.ARM.Collect$$$$0000000B)
    __rt_final_cpp                           0x08000135   Thumb Code     0  entry10a.o(.ARM.Collect$$$$0000000D)
    __rt_final_exit                          0x08000135   Thumb Code     0  entry11a.o(.ARM.Collect$$$$0000000F)
    Reset_Handler                            0x08000139   Thumb Code     8  startup_stm32l152xe.o(.text)
    NMI_Handler                              0x08000141   Thumb Code     2  startup_stm32l152xe.o(.text)
    HardFault_Handler                        0x08000143   Thumb Code     2  startup_stm32l152xe.o(.text)
    MemManage_Handler                        0x08000145   Thumb Code     2  startup_stm32l152xe.o(.text)
    BusFault_Handler                         0x08000147   Thumb Code     2  startup_stm32l152xe.o(.text)
    UsageFault_Handler                       0x08000149   Thumb Code     2  startup_stm32l152xe.o(.text)
    SVC_Handler                              0x0800014b   Thumb Code     2  startup_stm32l152xe.o(.text)
    DebugMon_Handler                         0x0800014d   Thumb Code     2  startup_stm32l152xe.o(.text)
    PendSV_Handler                           0x0800014f   Thumb Code     2  startup_stm32l152xe.o(.text)
    ADC1_IRQHandler                          0x08000153   Thumb Code     0  startup_stm32l152xe.o(.text)
    COMP_ACQ_IRQHandler                      0x08000153   Thumb Code     0  startup_stm32l152xe.o(.text)
    COMP_IRQHandler                          0x08000153   Thumb Code     0  startup_stm32l152xe.o(.text)
    DAC_IRQHandler                           0x08000153   Thumb Code     0  startup_stm32l152xe.o(.text)
    DMA1_Channel1_IRQHandler                 0x08000153   Thumb Code     0  startup_stm32l152xe.o(.text)
    DMA1_Channel2_IRQHandler                 0x08000153   Thumb Code     0  startup_stm32l152xe.o(.text)
    DMA1_Channel3_IRQHandler                 0x08000153   Thumb Code     0  startup_stm32l152xe.o(.text)
    DMA1_Channel6_IRQHandler                 0x08000153   Thumb Code     0  startup_stm32l152xe.o(.text)
    DMA1_Channel7_IRQHandler                 0x08000153   Thumb Code     0  startup_stm32l152xe.o(.text)
    DMA2_Channel1_IRQHandler                 0x08000153   Thumb Code     0  startup_stm32l152xe.o(.text)
    DMA2_Channel2_IRQHandler                 0x08000153   Thumb Code     0  startup_stm32l152xe.o(.text)
    DMA2_Channel3_IRQHandler                 0x08000153   Thumb Code     0  startup_stm32l152xe.o(.text)
    DMA2_Channel4_IRQHandler                 0x08000153   Thumb Code     0  startup_stm32l152xe.o(.text)
    DMA2_Channel5_IRQHandler                 0x08000153   Thumb Code     0  startup_stm32l152xe.o(.text)
    EXTI0_IRQHandler                         0x08000153   Thumb Code     0  startup_stm32l152xe.o(.text)
    EXTI1_IRQHandler                         0x08000153   Thumb Code     0  startup_stm32l152xe.o(.text)
    EXTI2_IRQHandler                         0x08000153   Thumb Code     0  startup_stm32l152xe.o(.text)
    EXTI3_IRQHandler                         0x08000153   Thumb Code     0  startup_stm32l152xe.o(.text)
    EXTI4_IRQHandler                         0x08000153   Thumb Code     0  startup_stm32l152xe.o(.text)
    EXTI9_5_IRQHandler                       0x08000153   Thumb Code     0  startup_stm32l152xe.o(.text)
    FLASH_IRQHandler                         0x08000153   Thumb Code     0  startup_stm32l152xe.o(.text)
    I2C1_ER_IRQHandler                       0x08000153   Thumb Code     0  startup_stm32l152xe.o(.text)
    I2C1_EV_IRQHandler                       0x08000153   Thumb Code     0  startup_stm32l152xe.o(.text)
    I2C2_ER_IRQHandler                       0x08000153   Thumb Code     0  startup_stm32l152xe.o(.text)
    I2C2_EV_IRQHandler                       0x08000153   Thumb Code     0  startup_stm32l152xe.o(.text)
    LCD_IRQHandler                           0x08000153   Thumb Code     0  startup_stm32l152xe.o(.text)
    PVD_IRQHandler                           0x08000153   Thumb Code     0  startup_stm32l152xe.o(.text)
    RCC_IRQHandler                           0x08000153   Thumb Code     0  startup_stm32l152xe.o(.text)
    RTC_Alarm_IRQHandler                     0x08000153   Thumb Code     0  startup_stm32l152xe.o(.text)
    RTC_WKUP_IRQHandler                      0x08000153   Thumb Code     0  startup_stm32l152xe.o(.text)
    SPI1_IRQHandler                          0x08000153   Thumb Code     0  startup_stm32l152xe.o(.text)
    SPI2_IRQHandler                          0x08000153   Thumb Code     0  startup_stm32l152xe.o(.text)
    SPI3_IRQHandler                          0x08000153   Thumb Code     0  startup_stm32l152xe.o(.text)
    TAMPER_STAMP_IRQHandler                  0x08000153   Thumb Code     0  startup_stm32l152xe.o(.text)
    TIM10_IRQHandler                         0x08000153   Thumb Code     0  startup_stm32l152xe.o(.text)
    TIM11_IRQHandler                         0x08000153   Thumb Code     0  startup_stm32l152xe.o(.text)
    TIM2_IRQHandler                          0x08000153   Thumb Code     0  startup_stm32l152xe.o(.text)
    TIM3_IRQHandler                          0x08000153   Thumb Code     0  startup_stm32l152xe.o(.text)
    TIM4_IRQHandler                          0x08000153   Thumb Code     0  startup_stm32l152xe.o(.text)
    TIM5_IRQHandler                          0x08000153   Thumb Code     0  startup_stm32l152xe.o(.text)
    TIM6_IRQHandler                          0x08000153   Thumb Code     0  startup_stm32l152xe.o(.text)
    TIM7_IRQHandler                          0x08000153   Thumb Code     0  startup_stm32l152xe.o(.text)
    TIM9_IRQHandler                          0x08000153   Thumb Code     0  startup_stm32l152xe.o(.text)
    UART4_IRQHandler                         0x08000153   Thumb Code     0  startup_stm32l152xe.o(.text)
    UART5_IRQHandler                         0x08000153   Thumb Code     0  startup_stm32l152xe.o(.text)
    USART2_IRQHandler                        0x08000153   Thumb Code     0  startup_stm32l152xe.o(.text)
    USART3_IRQHandler                        0x08000153   Thumb Code     0  startup_stm32l152xe.o(.text)
    USB_FS_WKUP_IRQHandler                   0x08000153   Thumb Code     0  startup_stm32l152xe.o(.text)
    USB_HP_IRQHandler                        0x08000153   Thumb Code     0  startup_stm32l152xe.o(.text)
    USB_LP_IRQHandler                        0x08000153   Thumb Code     0  startup_stm32l152xe.o(.text)
    WWDG_IRQHandler                          0x08000153   Thumb Code     0  startup_stm32l152xe.o(.text)
    __aeabi_memcpy                           0x0800015d   Thumb Code    36  memcpya.o(.text)
    __aeabi_memcpy4                          0x0800015d   Thumb Code     0  memcpya.o(.text)
    __aeabi_memcpy8                          0x0800015d   Thumb Code     0  memcpya.o(.text)
    __aeabi_memset                           0x08000181   Thumb Code    14  memseta.o(.text)
    __aeabi_memset4                          0x08000181   Thumb Code     0  memseta.o(.text)
    __aeabi_memset8                          0x08000181   Thumb Code     0  memseta.o(.text)
    __aeabi_memclr                           0x0800018f   Thumb Code     4  memseta.o(.text)
    __aeabi_memclr4                          0x0800018f   Thumb Code     0  memseta.o(.text)
    __aeabi_memclr8                          0x0800018f   Thumb Code     0  memseta.o(.text)
    _memset$wrapper                          0x08000193   Thumb Code    18  memseta.o(.text)
    strlen                                   0x080001a5   Thumb Code    14  strlen.o(.text)
    strcmp                                   0x080001b3   Thumb Code    28  strcmp.o(.text)
    memcmp                                   0x080001cf   Thumb Code    26  memcmp.o(.text)
    strcpy                                   0x080001e9   Thumb Code    18  strcpy.o(.text)
    __aeabi_fadd                             0x080001fb   Thumb Code   164  fadd.o(.text)
    __aeabi_fsub                             0x0800029f   Thumb Code     6  fadd.o(.text)
    __aeabi_frsub                            0x080002a5   Thumb Code     6  fadd.o(.text)
    __aeabi_fmul                             0x080002ab   Thumb Code   100  fmul.o(.text)
    __aeabi_fdiv                             0x0800030f   Thumb Code   124  fdiv.o(.text)
    __aeabi_dadd                             0x0800038b   Thumb Code   322  dadd.o(.text)
    __aeabi_dsub                             0x080004cd   Thumb Code     6  dadd.o(.text)
    __aeabi_drsub                            0x080004d3   Thumb Code     6  dadd.o(.text)
    __aeabi_dmul                             0x080004d9   Thumb Code   228  dmul.o(.text)
    __aeabi_ui2f                             0x080005bd   Thumb Code    10  ffltui.o(.text)
    __aeabi_i2d                              0x080005c7   Thumb Code    34  dflti.o(.text)
    __aeabi_ui2d                             0x080005e9   Thumb Code    26  dfltui.o(.text)
    __aeabi_d2uiz                            0x08000603   Thumb Code    50  dfixui.o(.text)
    __aeabi_llsl                             0x08000635   Thumb Code    30  llshl.o(.text)
    _ll_shift_l                              0x08000635   Thumb Code     0  llshl.o(.text)
    __aeabi_llsr                             0x08000653   Thumb Code    32  llushr.o(.text)
    _ll_ushift_r                             0x08000653   Thumb Code     0  llushr.o(.text)
    __aeabi_lasr                             0x08000673   Thumb Code    36  llsshr.o(.text)
    _ll_sshift_r                             0x08000673   Thumb Code     0  llsshr.o(.text)
    __I$use$fp                               0x08000697   Thumb Code     0  iusefp.o(.text)
    _float_round                             0x08000697   Thumb Code    18  fepilogue.o(.text)
    _float_epilogue                          0x080006a9   Thumb Code    92  fepilogue.o(.text)
    _double_round                            0x08000705   Thumb Code    30  depilogue.o(.text)
    _double_epilogue                         0x08000723   Thumb Code   156  depilogue.o(.text)
    __aeabi_ddiv                             0x080007bf   Thumb Code   222  ddiv.o(.text)
    __ARM_scalbn                             0x0800089d   Thumb Code    46  dscalb.o(.text)
    scalbn                                   0x0800089d   Thumb Code     0  dscalb.o(.text)
    __aeabi_cdrcmple                         0x080008cd   Thumb Code    48  cdrcmple.o(.text)
    __scatterload                            0x080008fd   Thumb Code    28  init.o(.text)
    __scatterload_rt2                        0x080008fd   Thumb Code     0  init.o(.text)
    _dsqrt                                   0x08000921   Thumb Code   162  dsqrt.o(.text)
    AsciiToHex                               0x080009c5   Thumb Code   144  pmtk_driver.o(i.AsciiToHex)
    BuildFrame                               0x08000a59   Thumb Code    90  pmtk_driver.o(i.BuildFrame)
    DMA1_Channel4_IRQHandler                 0x08000ab5   Thumb Code    10  stm32l1xx_it.o(i.DMA1_Channel4_IRQHandler)
    DMA1_Channel5_IRQHandler                 0x08000ac5   Thumb Code    10  stm32l1xx_it.o(i.DMA1_Channel5_IRQHandler)
    EEPROM_WriteByte                         0x08000af5   Thumb Code    34  misc.o(i.EEPROM_WriteByte)
    EXTI15_10_IRQHandler                     0x08000b1d   Thumb Code    12  stm32l1xx_it.o(i.EXTI15_10_IRQHandler)
    ExtractStr                               0x08000b29   Thumb Code    96  pmtk_driver.o(i.ExtractStr)
    FLASH_WaitForLastOperation               0x08000d1d   Thumb Code   128  stm32l1xx_hal_flash.o(i.FLASH_WaitForLastOperation)
    Get_Timestamp                            0x08000da1   Thumb Code   184  pmtk_driver.o(i.Get_Timestamp)
    HAL_DMA_IRQHandler                       0x08000e69   Thumb Code  2312  stm32l1xx_hal_dma.o(i.HAL_DMA_IRQHandler)
    HAL_DMA_Init                             0x08001779   Thumb Code    84  stm32l1xx_hal_dma.o(i.HAL_DMA_Init)
    HAL_DMA_Start_IT                         0x080017cd   Thumb Code   118  stm32l1xx_hal_dma.o(i.HAL_DMA_Start_IT)
    HAL_Delay                                0x08001843   Thumb Code    26  stm32l1xx_hal.o(i.HAL_Delay)
    HAL_FLASHEx_DATAEEPROM_Lock              0x0800185d   Thumb Code    16  stm32l1xx_hal_flash_ex.o(i.HAL_FLASHEx_DATAEEPROM_Lock)
    HAL_FLASHEx_DATAEEPROM_Program           0x08001871   Thumb Code   150  stm32l1xx_hal_flash_ex.o(i.HAL_FLASHEx_DATAEEPROM_Program)
    HAL_FLASHEx_DATAEEPROM_Unlock            0x0800190d   Thumb Code    32  stm32l1xx_hal_flash_ex.o(i.HAL_FLASHEx_DATAEEPROM_Unlock)
    HAL_GPIO_EXTI_Callback                   0x08001939   Thumb Code    14  misc.o(i.HAL_GPIO_EXTI_Callback)
    HAL_GPIO_EXTI_IRQHandler                 0x0800194d   Thumb Code    24  stm32l1xx_hal_gpio.o(i.HAL_GPIO_EXTI_IRQHandler)
    HAL_GPIO_Init                            0x08001969   Thumb Code   450  stm32l1xx_hal_gpio.o(i.HAL_GPIO_Init)
    HAL_GPIO_TogglePin                       0x08001b55   Thumb Code     8  stm32l1xx_hal_gpio.o(i.HAL_GPIO_TogglePin)
    HAL_GPIO_WritePin                        0x08001b5d   Thumb Code    12  stm32l1xx_hal_gpio.o(i.HAL_GPIO_WritePin)
    HAL_GetTick                              0x08001b69   Thumb Code     6  stm32l1xx_hal.o(i.HAL_GetTick)
    HAL_IncTick                              0x08001b75   Thumb Code    12  stm32l1xx_hal.o(i.HAL_IncTick)
    HAL_Init                                 0x08001b85   Thumb Code    22  stm32l1xx_hal.o(i.HAL_Init)
    HAL_InitTick                             0x08001b9d   Thumb Code    36  stm32l1xx_hal.o(i.HAL_InitTick)
    HAL_MspInit                              0x08001bc5   Thumb Code   122  stm32l1xx_hal_msp.o(i.HAL_MspInit)
    HAL_NVIC_EnableIRQ                       0x08001c45   Thumb Code    26  stm32l1xx_hal_cortex.o(i.HAL_NVIC_EnableIRQ)
    HAL_NVIC_SetPriority                     0x08001c5f   Thumb Code   124  stm32l1xx_hal_cortex.o(i.HAL_NVIC_SetPriority)
    HAL_NVIC_SetPriorityGrouping             0x08001cdd   Thumb Code    32  stm32l1xx_hal_cortex.o(i.HAL_NVIC_SetPriorityGrouping)
    HAL_PWREx_GetVoltageRange                0x08001d05   Thumb Code    10  stm32l1xx_hal_pwr_ex.o(i.HAL_PWREx_GetVoltageRange)
    HAL_RCC_ClockConfig                      0x08001d15   Thumb Code   728  stm32l1xx_hal_rcc.o(i.HAL_RCC_ClockConfig)
    HAL_RCC_GetHCLKFreq                      0x08001ffd   Thumb Code     6  stm32l1xx_hal_rcc.o(i.HAL_RCC_GetHCLKFreq)
    HAL_RCC_GetPCLK1Freq                     0x08002009   Thumb Code    36  stm32l1xx_hal_rcc.o(i.HAL_RCC_GetPCLK1Freq)
    HAL_RCC_GetPCLK2Freq                     0x08002035   Thumb Code    36  stm32l1xx_hal_rcc.o(i.HAL_RCC_GetPCLK2Freq)
    HAL_RCC_GetSysClockFreq                  0x08002061   Thumb Code   166  stm32l1xx_hal_rcc.o(i.HAL_RCC_GetSysClockFreq)
    HAL_RCC_OscConfig                        0x0800211d   Thumb Code  2370  stm32l1xx_hal_rcc.o(i.HAL_RCC_OscConfig)
    HAL_SYSTICK_CLKSourceConfig              0x08002a69   Thumb Code    40  stm32l1xx_hal_cortex.o(i.HAL_SYSTICK_CLKSourceConfig)
    HAL_SYSTICK_Callback                     0x08002a91   Thumb Code     2  stm32l1xx_hal_cortex.o(i.HAL_SYSTICK_Callback)
    HAL_SYSTICK_Config                       0x08002a93   Thumb Code    52  stm32l1xx_hal_cortex.o(i.HAL_SYSTICK_Config)
    HAL_SYSTICK_IRQHandler                   0x08002ac7   Thumb Code     8  stm32l1xx_hal_cortex.o(i.HAL_SYSTICK_IRQHandler)
    HAL_UART_ErrorCallback                   0x08002acf   Thumb Code     2  stm32l1xx_hal_uart.o(i.HAL_UART_ErrorCallback)
    HAL_UART_IRQHandler                      0x08002ad1   Thumb Code   218  stm32l1xx_hal_uart.o(i.HAL_UART_IRQHandler)
    HAL_UART_Init                            0x08002bab   Thumb Code   110  stm32l1xx_hal_uart.o(i.HAL_UART_Init)
    HAL_UART_MspInit                         0x08002c19   Thumb Code   186  stm32l1xx_hal_msp.o(i.HAL_UART_MspInit)
    HAL_UART_Receive_DMA                     0x08002ced   Thumb Code   146  stm32l1xx_hal_uart.o(i.HAL_UART_Receive_DMA)
    HAL_UART_RxCpltCallback                  0x08002d8d   Thumb Code   122  pmtk_hw_config.o(i.HAL_UART_RxCpltCallback)
    HAL_UART_RxHalfCpltCallback              0x08002e2d   Thumb Code     2  stm32l1xx_hal_uart.o(i.HAL_UART_RxHalfCpltCallback)
    HAL_UART_Transmit_DMA                    0x08002e31   Thumb Code   156  stm32l1xx_hal_uart.o(i.HAL_UART_Transmit_DMA)
    HAL_UART_TxCpltCallback                  0x08002ed9   Thumb Code     2  stm32l1xx_hal_uart.o(i.HAL_UART_TxCpltCallback)
    HAL_UART_TxHalfCpltCallback              0x08002edb   Thumb Code     2  stm32l1xx_hal_uart.o(i.HAL_UART_TxHalfCpltCallback)
    HexToAscii                               0x08002edd   Thumb Code    18  pmtk_driver.o(i.HexToAscii)
    L86_Send                                 0x08002eef   Thumb Code    76  pmtk_driver.o(i.L86_Send)
    OnboardLed                               0x08003141   Thumb Code    32  misc.o(i.OnboardLed)
    RMC_Convert                              0x0800320d   Thumb Code   674  pmtk_driver.o(i.RMC_Convert)
    SysTick_Handler                          0x080034c1   Thumb Code    12  stm32l1xx_it.o(i.SysTick_Handler)
    SystemClock_Config                       0x080034cd   Thumb Code   144  main.o(i.SystemClock_Config)
    SystemInit                               0x08003565   Thumb Code    82  system_stm32l1xx.o(i.SystemInit)
    UART_Init                                0x080036ad   Thumb Code    36  pmtk_hw_config.o(i.UART_Init)
    UART_Read                                0x080036e5   Thumb Code    66  pmtk_hw_config.o(i.UART_Read)
    UART_WaitForAck                          0x08003bb5   Thumb Code   116  pmtk_hw_config.o(i.UART_WaitForAck)
    UART_Write                               0x08003c35   Thumb Code    24  pmtk_hw_config.o(i.UART_Write)
    USART1_IRQHandler                        0x08003c55   Thumb Code    10  stm32l1xx_it.o(i.USART1_IRQHandler)
    __ARM_fpclassify                         0x08003c65   Thumb Code    40  fpclassify.o(i.__ARM_fpclassify)
    __kernel_poly                            0x08003c8d   Thumb Code   170  poly.o(i.__kernel_poly)
    __mathlib_dbl_divzero                    0x08003d39   Thumb Code    12  dunder.o(i.__mathlib_dbl_divzero)
    __mathlib_dbl_infnan2                    0x08003d49   Thumb Code     4  dunder.o(i.__mathlib_dbl_infnan2)
    __mathlib_dbl_invalid                    0x08003d4d   Thumb Code    12  dunder.o(i.__mathlib_dbl_invalid)
    __mathlib_dbl_overflow                   0x08003d59   Thumb Code    14  dunder.o(i.__mathlib_dbl_overflow)
    __mathlib_dbl_underflow                  0x08003d69   Thumb Code    10  dunder.o(i.__mathlib_dbl_underflow)
    __scatterload_copy                       0x08003d79   Thumb Code    14  handlers.o(i.__scatterload_copy)
    __scatterload_null                       0x08003d87   Thumb Code     2  handlers.o(i.__scatterload_null)
    __scatterload_zeroinit                   0x08003d89   Thumb Code    14  handlers.o(i.__scatterload_zeroinit)
    __set_errno                              0x08003d99   Thumb Code     6  errno.o(i.__set_errno)
    main                                     0x08003da5   Thumb Code   334  main.o(i.main)
    pow                                      0x08003f55   Thumb Code  2512  pow.o(i.pow)
    sqrt                                     0x0800492d   Thumb Code    76  sqrt.o(i.sqrt)
    PLLMulTable                              0x08004978   Data           9  system_stm32l1xx.o(.constdata)
    AHBPrescTable                            0x08004981   Data          16  system_stm32l1xx.o(.constdata)
    APBPrescTable                            0x08004991   Data           8  system_stm32l1xx.o(.constdata)
    aPLLDivisionFactorTable                  0x08004999   Data           4  stm32l1xx_hal_rcc.o(.constdata)
    aPLLMULFactorTable                       0x0800499d   Data           9  stm32l1xx_hal_rcc.o(.constdata)
    __mathlib_zero                           0x08004a30   Data           8  qnan.o(.constdata)
    Region$$Table$$Base                      0x08004a38   Number         0  anon$$obj.o(Region$$Table)
    Region$$Table$$Limit                     0x08004a58   Number         0  anon$$obj.o(Region$$Table)
    SystemCoreClock                          0x20000000   Data           4  system_stm32l1xx.o(.data)
    rx_rmc_ready                             0x20000008   Data           1  pmtk_hw_config.o(.data)
    rx_buffer_cnt                            0x20000009   Data           1  pmtk_hw_config.o(.data)
    rx_data_ready                            0x2000000a   Data           1  pmtk_hw_config.o(.data)
    rx_buffer_byte                           0x2000000b   Data           1  pmtk_hw_config.o(.data)
    user_btn_flag                            0x2000000c   Data           1  misc.o(.data)
    pFlash                                   0x20000014   Data          24  stm32l1xx_hal_flash.o(.bss)
    huart1                                   0x2000002c   Data          64  main.o(.bss)
    hdma_usart1_rx                           0x2000006c   Data          56  main.o(.bss)
    hdma_usart1_tx                           0x200000a4   Data          56  main.o(.bss)
    rx_buffer_array                          0x200000dc   Data         128  pmtk_hw_config.o(.bss)
    rmc_buffer_array                         0x2000015c   Data         128  pmtk_hw_config.o(.bss)
    __initial_sp                             0x200005e0   Data           0  startup_stm32l152xe.o(STACK)



==============================================================================

Memory Map of the image

  Image Entry point : 0x08000125

  Load Region LR_IROM1 (Base: 0x08000000, Size: 0x00004a6c, Max: 0x00080000, ABSOLUTE)

    Execution Region ER_IROM1 (Base: 0x08000000, Size: 0x00004a58, Max: 0x00080000, ABSOLUTE)

    Base Addr    Size         Type   Attr      Idx    E Section Name        Object

    0x08000000   0x00000124   Data   RO         1845    RESET               startup_stm32l152xe.o
    0x08000124   0x00000000   Code   RO         1860  * .ARM.Collect$$$$00000000  mc_w.l(entry.o)
    0x08000124   0x00000004   Code   RO         1922    .ARM.Collect$$$$00000001  mc_w.l(entry2.o)
    0x08000128   0x00000004   Code   RO         1925    .ARM.Collect$$$$00000004  mc_w.l(entry5.o)
    0x0800012c   0x00000000   Code   RO         1927    .ARM.Collect$$$$00000008  mc_w.l(entry7b.o)
    0x0800012c   0x00000000   Code   RO         1929    .ARM.Collect$$$$0000000A  mc_w.l(entry8b.o)
    0x0800012c   0x00000008   Code   RO         1930    .ARM.Collect$$$$0000000B  mc_w.l(entry9a.o)
    0x08000134   0x00000000   Code   RO         1932    .ARM.Collect$$$$0000000D  mc_w.l(entry10a.o)
    0x08000134   0x00000000   Code   RO         1934    .ARM.Collect$$$$0000000F  mc_w.l(entry11a.o)
    0x08000134   0x00000004   Code   RO         1923    .ARM.Collect$$$$00002712  mc_w.l(entry2.o)
    0x08000138   0x00000024   Code   RO         1846    .text               startup_stm32l152xe.o
    0x0800015c   0x00000024   Code   RO         1863    .text               mc_w.l(memcpya.o)
    0x08000180   0x00000024   Code   RO         1865    .text               mc_w.l(memseta.o)
    0x080001a4   0x0000000e   Code   RO         1867    .text               mc_w.l(strlen.o)
    0x080001b2   0x0000001c   Code   RO         1869    .text               mc_w.l(strcmp.o)
    0x080001ce   0x0000001a   Code   RO         1871    .text               mc_w.l(memcmp.o)
    0x080001e8   0x00000012   Code   RO         1873    .text               mc_w.l(strcpy.o)
    0x080001fa   0x000000b0   Code   RO         1877    .text               mf_w.l(fadd.o)
    0x080002aa   0x00000064   Code   RO         1879    .text               mf_w.l(fmul.o)
    0x0800030e   0x0000007c   Code   RO         1881    .text               mf_w.l(fdiv.o)
    0x0800038a   0x0000014e   Code   RO         1883    .text               mf_w.l(dadd.o)
    0x080004d8   0x000000e4   Code   RO         1885    .text               mf_w.l(dmul.o)
    0x080005bc   0x0000000a   Code   RO         1887    .text               mf_w.l(ffltui.o)
    0x080005c6   0x00000022   Code   RO         1889    .text               mf_w.l(dflti.o)
    0x080005e8   0x0000001a   Code   RO         1891    .text               mf_w.l(dfltui.o)
    0x08000602   0x00000032   Code   RO         1893    .text               mf_w.l(dfixui.o)
    0x08000634   0x0000001e   Code   RO         1936    .text               mc_w.l(llshl.o)
    0x08000652   0x00000020   Code   RO         1938    .text               mc_w.l(llushr.o)
    0x08000672   0x00000024   Code   RO         1940    .text               mc_w.l(llsshr.o)
    0x08000696   0x00000000   Code   RO         1949    .text               mc_w.l(iusefp.o)
    0x08000696   0x0000006e   Code   RO         1950    .text               mf_w.l(fepilogue.o)
    0x08000704   0x000000ba   Code   RO         1952    .text               mf_w.l(depilogue.o)
    0x080007be   0x000000de   Code   RO         1954    .text               mf_w.l(ddiv.o)
    0x0800089c   0x0000002e   Code   RO         1956    .text               mf_w.l(dscalb.o)
    0x080008ca   0x00000002   PAD
    0x080008cc   0x00000030   Code   RO         1958    .text               mf_w.l(cdrcmple.o)
    0x080008fc   0x00000024   Code   RO         1960    .text               mc_w.l(init.o)
    0x08000920   0x000000a2   Code   RO         1962    .text               mf_w.l(dsqrt.o)
    0x080009c2   0x00000002   PAD
    0x080009c4   0x00000094   Code   RO         1675    i.AsciiToHex        pmtk_driver.o
    0x08000a58   0x0000005a   Code   RO         1676    i.BuildFrame        pmtk_driver.o
    0x08000ab2   0x00000002   PAD
    0x08000ab4   0x00000010   Code   RO         1517    i.DMA1_Channel4_IRQHandler  stm32l1xx_it.o
    0x08000ac4   0x00000010   Code   RO         1518    i.DMA1_Channel5_IRQHandler  stm32l1xx_it.o
    0x08000ad4   0x00000020   Code   RO          260    i.DMA_SetConfig     stm32l1xx_hal_dma.o
    0x08000af4   0x00000028   Code   RO         1798    i.EEPROM_WriteByte  misc.o
    0x08000b1c   0x0000000c   Code   RO         1519    i.EXTI15_10_IRQHandler  stm32l1xx_it.o
    0x08000b28   0x00000060   Code   RO         1677    i.ExtractStr        pmtk_driver.o
    0x08000b88   0x00000034   Code   RO          585    i.FLASH_DATAEEPROM_FastProgramByte  stm32l1xx_hal_flash_ex.o
    0x08000bbc   0x00000034   Code   RO          586    i.FLASH_DATAEEPROM_FastProgramHalfWord  stm32l1xx_hal_flash_ex.o
    0x08000bf0   0x00000034   Code   RO          587    i.FLASH_DATAEEPROM_FastProgramWord  stm32l1xx_hal_flash_ex.o
    0x08000c24   0x00000024   Code   RO          588    i.FLASH_DATAEEPROM_ProgramByte  stm32l1xx_hal_flash_ex.o
    0x08000c48   0x00000024   Code   RO          589    i.FLASH_DATAEEPROM_ProgramHalfWord  stm32l1xx_hal_flash_ex.o
    0x08000c6c   0x00000024   Code   RO          590    i.FLASH_DATAEEPROM_ProgramWord  stm32l1xx_hal_flash_ex.o
    0x08000c90   0x0000008c   Code   RO         1419    i.FLASH_SetErrorCode  stm32l1xx_hal_flash.o
    0x08000d1c   0x00000084   Code   RO         1420    i.FLASH_WaitForLastOperation  stm32l1xx_hal_flash.o
    0x08000da0   0x000000c8   Code   RO         1678    i.Get_Timestamp     pmtk_driver.o
    0x08000e68   0x00000910   Code   RO          265    i.HAL_DMA_IRQHandler  stm32l1xx_hal_dma.o
    0x08001778   0x00000054   Code   RO          266    i.HAL_DMA_Init      stm32l1xx_hal_dma.o
    0x080017cc   0x00000076   Code   RO          269    i.HAL_DMA_Start_IT  stm32l1xx_hal_dma.o
    0x08001842   0x0000001a   Code   RO          779    i.HAL_Delay         stm32l1xx_hal.o
    0x0800185c   0x00000014   Code   RO          609    i.HAL_FLASHEx_DATAEEPROM_Lock  stm32l1xx_hal_flash_ex.o
    0x08001870   0x0000009c   Code   RO          610    i.HAL_FLASHEx_DATAEEPROM_Program  stm32l1xx_hal_flash_ex.o
    0x0800190c   0x0000002c   Code   RO          611    i.HAL_FLASHEx_DATAEEPROM_Unlock  stm32l1xx_hal_flash_ex.o
    0x08001938   0x00000014   Code   RO         1800    i.HAL_GPIO_EXTI_Callback  misc.o
    0x0800194c   0x0000001c   Code   RO          126    i.HAL_GPIO_EXTI_IRQHandler  stm32l1xx_hal_gpio.o
    0x08001968   0x000001ec   Code   RO          127    i.HAL_GPIO_Init     stm32l1xx_hal_gpio.o
    0x08001b54   0x00000008   Code   RO          130    i.HAL_GPIO_TogglePin  stm32l1xx_hal_gpio.o
    0x08001b5c   0x0000000c   Code   RO          131    i.HAL_GPIO_WritePin  stm32l1xx_hal_gpio.o
    0x08001b68   0x0000000c   Code   RO          783    i.HAL_GetTick       stm32l1xx_hal.o
    0x08001b74   0x00000010   Code   RO          784    i.HAL_IncTick       stm32l1xx_hal.o
    0x08001b84   0x00000016   Code   RO          785    i.HAL_Init          stm32l1xx_hal.o
    0x08001b9a   0x00000002   PAD
    0x08001b9c   0x00000028   Code   RO          786    i.HAL_InitTick      stm32l1xx_hal.o
    0x08001bc4   0x00000080   Code   RO         1638    i.HAL_MspInit       stm32l1xx_hal_msp.o
    0x08001c44   0x0000001a   Code   RO          460    i.HAL_NVIC_EnableIRQ  stm32l1xx_hal_cortex.o
    0x08001c5e   0x0000007c   Code   RO          466    i.HAL_NVIC_SetPriority  stm32l1xx_hal_cortex.o
    0x08001cda   0x00000002   PAD
    0x08001cdc   0x00000028   Code   RO          467    i.HAL_NVIC_SetPriorityGrouping  stm32l1xx_hal_cortex.o
    0x08001d04   0x00000010   Code   RO         1022    i.HAL_PWREx_GetVoltageRange  stm32l1xx_hal_pwr_ex.o
    0x08001d14   0x000002e8   Code   RO          907    i.HAL_RCC_ClockConfig  stm32l1xx_hal_rcc.o
    0x08001ffc   0x0000000c   Code   RO          912    i.HAL_RCC_GetHCLKFreq  stm32l1xx_hal_rcc.o
    0x08002008   0x0000002c   Code   RO          914    i.HAL_RCC_GetPCLK1Freq  stm32l1xx_hal_rcc.o
    0x08002034   0x0000002c   Code   RO          915    i.HAL_RCC_GetPCLK2Freq  stm32l1xx_hal_rcc.o
    0x08002060   0x000000bc   Code   RO          916    i.HAL_RCC_GetSysClockFreq  stm32l1xx_hal_rcc.o
    0x0800211c   0x0000094c   Code   RO          919    i.HAL_RCC_OscConfig  stm32l1xx_hal_rcc.o
    0x08002a68   0x00000028   Code   RO          469    i.HAL_SYSTICK_CLKSourceConfig  stm32l1xx_hal_cortex.o
    0x08002a90   0x00000002   Code   RO          470    i.HAL_SYSTICK_Callback  stm32l1xx_hal_cortex.o
    0x08002a92   0x00000034   Code   RO          471    i.HAL_SYSTICK_Config  stm32l1xx_hal_cortex.o
    0x08002ac6   0x00000008   Code   RO          472    i.HAL_SYSTICK_IRQHandler  stm32l1xx_hal_cortex.o
    0x08002ace   0x00000002   Code   RO         1189    i.HAL_UART_ErrorCallback  stm32l1xx_hal_uart.o
    0x08002ad0   0x000000da   Code   RO         1192    i.HAL_UART_IRQHandler  stm32l1xx_hal_uart.o
    0x08002baa   0x0000006e   Code   RO         1193    i.HAL_UART_Init     stm32l1xx_hal_uart.o
    0x08002c18   0x000000d4   Code   RO         1640    i.HAL_UART_MspInit  stm32l1xx_hal_msp.o
    0x08002cec   0x000000a0   Code   RO         1197    i.HAL_UART_Receive_DMA  stm32l1xx_hal_uart.o
    0x08002d8c   0x000000a0   Code   RO         1743    i.HAL_UART_RxCpltCallback  pmtk_hw_config.o
    0x08002e2c   0x00000002   Code   RO         1200    i.HAL_UART_RxHalfCpltCallback  stm32l1xx_hal_uart.o
    0x08002e2e   0x00000002   PAD
    0x08002e30   0x000000a8   Code   RO         1202    i.HAL_UART_Transmit_DMA  stm32l1xx_hal_uart.o
    0x08002ed8   0x00000002   Code   RO         1204    i.HAL_UART_TxCpltCallback  stm32l1xx_hal_uart.o
    0x08002eda   0x00000002   Code   RO         1205    i.HAL_UART_TxHalfCpltCallback  stm32l1xx_hal_uart.o
    0x08002edc   0x00000012   Code   RO         1679    i.HexToAscii        pmtk_driver.o
    0x08002eee   0x0000004c   Code   RO         1680    i.L86_Send          pmtk_driver.o
    0x08002f3a   0x00000002   PAD
    0x08002f3c   0x00000044   Code   RO         1569    i.MX_DMA_Init       main.o
    0x08002f80   0x00000158   Code   RO         1570    i.MX_GPIO_Init      main.o
    0x080030d8   0x00000030   Code   RO         1571    i.MX_USART1_UART_Init  main.o
    0x08003108   0x00000010   Code   RO          473    i.NVIC_GetPriorityGrouping  stm32l1xx_hal_cortex.o
    0x08003118   0x00000028   Code   RO          474    i.NVIC_SetPriority  stm32l1xx_hal_cortex.o
    0x08003140   0x00000024   Code   RO         1801    i.OnboardLed        misc.o
    0x08003164   0x000000a8   Code   RO          920    i.RCC_SetFlashLatencyFromMSIRange  stm32l1xx_hal_rcc.o
    0x0800320c   0x000002b4   Code   RO         1681    i.RMC_Convert       pmtk_driver.o
    0x080034c0   0x0000000c   Code   RO         1520    i.SysTick_Handler   stm32l1xx_it.o
    0x080034cc   0x00000098   Code   RO         1572    i.SystemClock_Config  main.o
    0x08003564   0x00000064   Code   RO            5    i.SystemInit        system_stm32l1xx.o
    0x080035c8   0x00000022   Code   RO         1206    i.UART_DMAError     stm32l1xx_hal_uart.o
    0x080035ea   0x0000003e   Code   RO         1207    i.UART_DMAReceiveCplt  stm32l1xx_hal_uart.o
    0x08003628   0x0000000e   Code   RO         1208    i.UART_DMARxHalfCplt  stm32l1xx_hal_uart.o
    0x08003636   0x00000036   Code   RO         1209    i.UART_DMATransmitCplt  stm32l1xx_hal_uart.o
    0x0800366c   0x0000000e   Code   RO         1210    i.UART_DMATxHalfCplt  stm32l1xx_hal_uart.o
    0x0800367a   0x00000030   Code   RO         1211    i.UART_EndTransmit_IT  stm32l1xx_hal_uart.o
    0x080036aa   0x00000002   PAD
    0x080036ac   0x00000038   Code   RO         1744    i.UART_Init         pmtk_hw_config.o
    0x080036e4   0x0000004c   Code   RO         1745    i.UART_Read         pmtk_hw_config.o
    0x08003730   0x000000bc   Code   RO         1212    i.UART_Receive_IT   stm32l1xx_hal_uart.o
    0x080037ec   0x00000358   Code   RO         1213    i.UART_SetConfig    stm32l1xx_hal_uart.o
    0x08003b44   0x00000070   Code   RO         1214    i.UART_Transmit_IT  stm32l1xx_hal_uart.o
    0x08003bb4   0x00000080   Code   RO         1746    i.UART_WaitForAck   pmtk_hw_config.o
    0x08003c34   0x00000020   Code   RO         1747    i.UART_Write        pmtk_hw_config.o
    0x08003c54   0x00000010   Code   RO         1521    i.USART1_IRQHandler  stm32l1xx_it.o
    0x08003c64   0x00000028   Code   RO         1909    i.__ARM_fpclassify  m_ws.l(fpclassify.o)
    0x08003c8c   0x000000aa   Code   RO         1911    i.__kernel_poly     m_ws.l(poly.o)
    0x08003d36   0x00000002   PAD
    0x08003d38   0x00000010   Code   RO         1895    i.__mathlib_dbl_divzero  m_ws.l(dunder.o)
    0x08003d48   0x00000004   Code   RO         1897    i.__mathlib_dbl_infnan2  m_ws.l(dunder.o)
    0x08003d4c   0x0000000c   Code   RO         1898    i.__mathlib_dbl_invalid  m_ws.l(dunder.o)
    0x08003d58   0x0000000e   Code   RO         1899    i.__mathlib_dbl_overflow  m_ws.l(dunder.o)
    0x08003d66   0x00000002   PAD
    0x08003d68   0x00000010   Code   RO         1901    i.__mathlib_dbl_underflow  m_ws.l(dunder.o)
    0x08003d78   0x0000000e   Code   RO         1968    i.__scatterload_copy  mc_w.l(handlers.o)
    0x08003d86   0x00000002   Code   RO         1969    i.__scatterload_null  mc_w.l(handlers.o)
    0x08003d88   0x0000000e   Code   RO         1970    i.__scatterload_zeroinit  mc_w.l(handlers.o)
    0x08003d96   0x00000002   PAD
    0x08003d98   0x0000000c   Code   RO         1944    i.__set_errno       mc_w.l(errno.o)
    0x08003da4   0x000001b0   Code   RO         1573    i.main              main.o
    0x08003f54   0x000009d8   Code   RO         1851    i.pow               m_ws.l(pow.o)
    0x0800492c   0x0000004c   Code   RO         1915    i.sqrt              m_ws.l(sqrt.o)
    0x08004978   0x00000021   Data   RO            6    .constdata          system_stm32l1xx.o
    0x08004999   0x0000000d   Data   RO          921    .constdata          stm32l1xx_hal_rcc.o
    0x080049a6   0x00000002   PAD
    0x080049a8   0x00000088   Data   RO         1852    .constdata          m_ws.l(pow.o)
    0x08004a30   0x00000008   Data   RO         1913    .constdata          m_ws.l(qnan.o)
    0x08004a38   0x00000020   Data   RO         1966    Region$$Table       anon$$obj.o


    Execution Region RW_IRAM1 (Base: 0x20000000, Size: 0x000005e0, Max: 0x00014000, ABSOLUTE)

    Base Addr    Size         Type   Attr      Idx    E Section Name        Object

    0x20000000   0x00000004   Data   RW            7    .data               system_stm32l1xx.o
    0x20000004   0x00000004   Data   RW          791    .data               stm32l1xx_hal.o
    0x20000008   0x00000004   Data   RW         1749    .data               pmtk_hw_config.o
    0x2000000c   0x00000001   Data   RW         1802    .data               misc.o
    0x2000000d   0x00000003   PAD
    0x20000010   0x00000004   Data   RW         1945    .data               mc_w.l(errno.o)
    0x20000014   0x00000018   Zero   RW         1432    .bss                stm32l1xx_hal_flash.o
    0x2000002c   0x000000b0   Zero   RW         1574    .bss                main.o
    0x200000dc   0x00000100   Zero   RW         1748    .bss                pmtk_hw_config.o
    0x200001dc   0x00000004   PAD
    0x200001e0   0x00000400   Zero   RW         1843    STACK               startup_stm32l152xe.o


==============================================================================

Image component sizes


      Code (inc. data)   RO Data    RW Data    ZI Data      Debug   Object Name

      1044        146          0          0        176       4287   main.o
        96         16          0          1          0       1685   misc.o
      1320         38          0          0          0       5233   pmtk_driver.o
       452         88          0          4        256       3592   pmtk_hw_config.o
        36          8        292          0       1024        752   startup_stm32l152xe.o
       116         14          0          4          0       3478   stm32l1xx_hal.o
       348         22          0          0          0      29289   stm32l1xx_hal_cortex.o
      2554         26          0          0          0       4319   stm32l1xx_hal_dma.o
       272         14          0          0         24       1490   stm32l1xx_hal_flash.o
       484         34          0          0          0       5855   stm32l1xx_hal_flash_ex.o
       540         46          0          0          0       3376   stm32l1xx_hal_gpio.o
       340         32          0          0          0       1633   stm32l1xx_hal_msp.o
        16          6          0          0          0        524   stm32l1xx_hal_pwr_ex.o
      3580        100         13          0          0       6633   stm32l1xx_hal_rcc.o
      2046         32          0          0          0      11108   stm32l1xx_hal_uart.o
        72         18          0          0          0       2199   stm32l1xx_it.o
       100         18         33          4          0     253879   system_stm32l1xx.o

    ----------------------------------------------------------------------
     13428        658        372         16       1484     339332   Object Totals
         0          0         32          0          0          0   (incl. Generated)
        12          0          2          3          4          0   (incl. Padding)

    ----------------------------------------------------------------------

      Code (inc. data)   RO Data    RW Data    ZI Data      Debug   Library Member Name

        62         10          0          0          0        340   dunder.o
        40          0          0          0          0         68   fpclassify.o
       170          0          0          0          0         96   poly.o
      2520        190        136          0          0        324   pow.o
         0          0          8          0          0          0   qnan.o
        76          0          0          0          0         84   sqrt.o
         0          0          0          0          0          0   entry.o
         0          0          0          0          0          0   entry10a.o
         0          0          0          0          0          0   entry11a.o
         8          4          0          0          0          0   entry2.o
         4          0          0          0          0          0   entry5.o
         0          0          0          0          0          0   entry7b.o
         0          0          0          0          0          0   entry8b.o
         8          4          0          0          0          0   entry9a.o
        12          6          0          4          0         68   errno.o
        30          0          0          0          0          0   handlers.o
        36          8          0          0          0         68   init.o
         0          0          0          0          0          0   iusefp.o
        30          0          0          0          0         68   llshl.o
        36          0          0          0          0         68   llsshr.o
        32          0          0          0          0         68   llushr.o
        26          0          0          0          0         80   memcmp.o
        36          0          0          0          0         68   memcpya.o
        36          0          0          0          0        108   memseta.o
        28          0          0          0          0         76   strcmp.o
        18          0          0          0          0         68   strcpy.o
        14          0          0          0          0         68   strlen.o
        48          0          0          0          0         68   cdrcmple.o
       334          0          0          0          0        148   dadd.o
       222          0          0          0          0        100   ddiv.o
       186          0          0          0          0        176   depilogue.o
        50          0          0          0          0         76   dfixui.o
        34          0          0          0          0         76   dflti.o
        26          0          0          0          0         76   dfltui.o
       228          0          0          0          0         96   dmul.o
        46          0          0          0          0         80   dscalb.o
       162          0          0          0          0        100   dsqrt.o
       176          0          0          0          0        140   fadd.o
       124          0          0          0          0         88   fdiv.o
       110          0          0          0          0        168   fepilogue.o
        10          0          0          0          0         68   ffltui.o
       100          0          0          0          0         76   fmul.o

    ----------------------------------------------------------------------
      5088        222        144          4          0       3256   Library Totals
        10          0          0          0          0          0   (incl. Padding)

    ----------------------------------------------------------------------

      Code (inc. data)   RO Data    RW Data    ZI Data      Debug   Library Name

      2868        200        144          0          0        912   m_ws.l
       354         22          0          4          0        808   mc_w.l
      1856          0          0          0          0       1536   mf_w.l

    ----------------------------------------------------------------------
      5088        222        144          4          0       3256   Library Totals

    ----------------------------------------------------------------------

==============================================================================


      Code (inc. data)   RO Data    RW Data    ZI Data      Debug   

     18516        880        516         20       1484     336760   Grand Totals
     18516        880        516         20       1484     336760   ELF Image Totals
     18516        880        516         20          0          0   ROM Totals

==============================================================================

    Total RO  Size (Code + RO Data)                19032 (  18.59kB)
    Total RW  Size (RW Data + ZI Data)              1504 (   1.47kB)
    Total ROM Size (Code + RO Data + RW Data)      19052 (  18.61kB)

==============================================================================

